Archive member included to satisfy reference by file (symbol)

/usr/local/opt/gcc-arm-none-eabi-9-2019-q4-major/bin/../lib/gcc/arm-none-eabi/9.2.1/thumb/v7e-m/nofp/libgcc.a(_aeabi_uldivmod.o)
                              CMakeFiles/Firmware.elf.dir/Drivers/STM32F4xx_HAL_Driver/Src/stm32f4xx_hal_rcc.c.obj (__aeabi_uldivmod)
/usr/local/opt/gcc-arm-none-eabi-9-2019-q4-major/bin/../lib/gcc/arm-none-eabi/9.2.1/thumb/v7e-m/nofp/libgcc.a(_udivmoddi4.o)
                              /usr/local/opt/gcc-arm-none-eabi-9-2019-q4-major/bin/../lib/gcc/arm-none-eabi/9.2.1/thumb/v7e-m/nofp/libgcc.a(_aeabi_uldivmod.o) (__udivmoddi4)
/usr/local/opt/gcc-arm-none-eabi-9-2019-q4-major/bin/../lib/gcc/arm-none-eabi/9.2.1/thumb/v7e-m/nofp/libgcc.a(_dvmd_tls.o)
                              /usr/local/opt/gcc-arm-none-eabi-9-2019-q4-major/bin/../lib/gcc/arm-none-eabi/9.2.1/thumb/v7e-m/nofp/libgcc.a(_aeabi_uldivmod.o) (__aeabi_ldiv0)
/usr/local/opt/gcc-arm-none-eabi-9-2019-q4-major/bin/../lib/gcc/arm-none-eabi/9.2.1/../../../../arm-none-eabi/lib/thumb/v7e-m/nofp/libg_nano.a(lib_a-errno.o)
                              CMakeFiles/Firmware.elf.dir/Core/Src/main.c.obj (__errno)
/usr/local/opt/gcc-arm-none-eabi-9-2019-q4-major/bin/../lib/gcc/arm-none-eabi/9.2.1/../../../../arm-none-eabi/lib/thumb/v7e-m/nofp/libg_nano.a(lib_a-exit.o)
                              /usr/local/opt/gcc-arm-none-eabi-9-2019-q4-major/bin/../lib/gcc/arm-none-eabi/9.2.1/../../../../arm-none-eabi/lib/thumb/v7e-m/nofp/crt0.o (exit)
/usr/local/opt/gcc-arm-none-eabi-9-2019-q4-major/bin/../lib/gcc/arm-none-eabi/9.2.1/../../../../arm-none-eabi/lib/thumb/v7e-m/nofp/libg_nano.a(lib_a-impure.o)
                              /usr/local/opt/gcc-arm-none-eabi-9-2019-q4-major/bin/../lib/gcc/arm-none-eabi/9.2.1/../../../../arm-none-eabi/lib/thumb/v7e-m/nofp/libg_nano.a(lib_a-exit.o) (_global_impure_ptr)
/usr/local/opt/gcc-arm-none-eabi-9-2019-q4-major/bin/../lib/gcc/arm-none-eabi/9.2.1/../../../../arm-none-eabi/lib/thumb/v7e-m/nofp/libg_nano.a(lib_a-init.o)
                              /usr/local/opt/gcc-arm-none-eabi-9-2019-q4-major/bin/../lib/gcc/arm-none-eabi/9.2.1/../../../../arm-none-eabi/lib/thumb/v7e-m/nofp/crt0.o (__libc_init_array)
/usr/local/opt/gcc-arm-none-eabi-9-2019-q4-major/bin/../lib/gcc/arm-none-eabi/9.2.1/../../../../arm-none-eabi/lib/thumb/v7e-m/nofp/libg_nano.a(lib_a-malloc.o)
                              CMakeFiles/Firmware.elf.dir/Core/Src/main.c.obj (malloc)
/usr/local/opt/gcc-arm-none-eabi-9-2019-q4-major/bin/../lib/gcc/arm-none-eabi/9.2.1/../../../../arm-none-eabi/lib/thumb/v7e-m/nofp/libg_nano.a(lib_a-memset.o)
                              /usr/local/opt/gcc-arm-none-eabi-9-2019-q4-major/bin/../lib/gcc/arm-none-eabi/9.2.1/../../../../arm-none-eabi/lib/thumb/v7e-m/nofp/crt0.o (memset)
/usr/local/opt/gcc-arm-none-eabi-9-2019-q4-major/bin/../lib/gcc/arm-none-eabi/9.2.1/../../../../arm-none-eabi/lib/thumb/v7e-m/nofp/libg_nano.a(lib_a-nano-freer.o)
                              /usr/local/opt/gcc-arm-none-eabi-9-2019-q4-major/bin/../lib/gcc/arm-none-eabi/9.2.1/../../../../arm-none-eabi/lib/thumb/v7e-m/nofp/libg_nano.a(lib_a-malloc.o) (_free_r)
/usr/local/opt/gcc-arm-none-eabi-9-2019-q4-major/bin/../lib/gcc/arm-none-eabi/9.2.1/../../../../arm-none-eabi/lib/thumb/v7e-m/nofp/libg_nano.a(lib_a-nano-mallocr.o)
                              /usr/local/opt/gcc-arm-none-eabi-9-2019-q4-major/bin/../lib/gcc/arm-none-eabi/9.2.1/../../../../arm-none-eabi/lib/thumb/v7e-m/nofp/libg_nano.a(lib_a-malloc.o) (_malloc_r)
/usr/local/opt/gcc-arm-none-eabi-9-2019-q4-major/bin/../lib/gcc/arm-none-eabi/9.2.1/../../../../arm-none-eabi/lib/thumb/v7e-m/nofp/libg_nano.a(lib_a-printf.o)
                              CMakeFiles/Firmware.elf.dir/Core/Src/main.c.obj (printf)
/usr/local/opt/gcc-arm-none-eabi-9-2019-q4-major/bin/../lib/gcc/arm-none-eabi/9.2.1/../../../../arm-none-eabi/lib/thumb/v7e-m/nofp/libg_nano.a(lib_a-puts.o)
                              CMakeFiles/Firmware.elf.dir/Core/Src/main.c.obj (puts)
/usr/local/opt/gcc-arm-none-eabi-9-2019-q4-major/bin/../lib/gcc/arm-none-eabi/9.2.1/../../../../arm-none-eabi/lib/thumb/v7e-m/nofp/libg_nano.a(lib_a-sbrkr.o)
                              /usr/local/opt/gcc-arm-none-eabi-9-2019-q4-major/bin/../lib/gcc/arm-none-eabi/9.2.1/../../../../arm-none-eabi/lib/thumb/v7e-m/nofp/libg_nano.a(lib_a-nano-mallocr.o) (_sbrk_r)
/usr/local/opt/gcc-arm-none-eabi-9-2019-q4-major/bin/../lib/gcc/arm-none-eabi/9.2.1/../../../../arm-none-eabi/lib/thumb/v7e-m/nofp/libg_nano.a(lib_a-wbuf.o)
                              /usr/local/opt/gcc-arm-none-eabi-9-2019-q4-major/bin/../lib/gcc/arm-none-eabi/9.2.1/../../../../arm-none-eabi/lib/thumb/v7e-m/nofp/libg_nano.a(lib_a-puts.o) (__swbuf_r)
/usr/local/opt/gcc-arm-none-eabi-9-2019-q4-major/bin/../lib/gcc/arm-none-eabi/9.2.1/../../../../arm-none-eabi/lib/thumb/v7e-m/nofp/libg_nano.a(lib_a-wsetup.o)
[...]
Memory Configuration

Name             Origin             Length             Attributes
RAM              0x0000000020000000 0x0000000000018000 xrw
FLASH            0x0000000008000000 0x0000000000080000 xr
*default*        0x0000000000000000 0xffffffffffffffff

Linker script and memory map

LOAD /usr/local/opt/gcc-arm-none-eabi-9-2019-q4-major/bin/../lib/gcc/arm-none-eabi/9.2.1/thumb/v7e-m/nofp/crti.o
LOAD /usr/local/opt/gcc-arm-none-eabi-9-2019-q4-major/bin/../lib/gcc/arm-none-eabi/9.2.1/thumb/v7e-m/nofp/crtbegin.o
LOAD /usr/local/opt/gcc-arm-none-eabi-9-2019-q4-major/bin/../lib/gcc/arm-none-eabi/9.2.1/../../../../arm-none-eabi/lib/thumb/v7e-m/nofp/crt0.o
LOAD CMakeFiles/Firmware.elf.dir/Core/Src/main.c.obj
LOAD CMakeFiles/Firmware.elf.dir/Core/Src/stm32f4xx_hal_msp.c.obj
LOAD CMakeFiles/Firmware.elf.dir/Core/Src/stm32f4xx_it.c.obj
LOAD CMakeFiles/Firmware.elf.dir/Core/Src/syscalls.c.obj
LOAD CMakeFiles/Firmware.elf.dir/Core/Src/system_stm32f4xx.c.obj
LOAD CMakeFiles/Firmware.elf.dir/Core/User/Config/DEV_Config.c.obj
LOAD CMakeFiles/Firmware.elf.dir/Core/User/Examples/EPD_4in2_test.c.obj
LOAD CMakeFiles/Firmware.elf.dir/Core/User/Examples/ImageData.c.obj
LOAD CMakeFiles/Firmware.elf.dir/Core/User/Fonts/font12.c.obj
LOAD CMakeFiles/Firmware.elf.dir/Core/User/Fonts/font16.c.obj
LOAD CMakeFiles/Firmware.elf.dir/Core/User/Fonts/font20.c.obj
LOAD CMakeFiles/Firmware.elf.dir/Core/User/Fonts/font24.c.obj
LOAD CMakeFiles/Firmware.elf.dir/Core/User/Fonts/font8.c.obj
LOAD CMakeFiles/Firmware.elf.dir/Core/User/GUI/GUI_Paint.c.obj
LOAD CMakeFiles/Firmware.elf.dir/Core/User/e-Paper/EPD_4in2.c.obj
LOAD CMakeFiles/Firmware.elf.dir/Drivers/STM32F4xx_HAL_Driver/Src/stm32f4xx_hal.c.obj
LOAD CMakeFiles/Firmware.elf.dir/Drivers/STM32F4xx_HAL_Driver/Src/stm32f4xx_hal_cortex.c.obj
LOAD CMakeFiles/Firmware.elf.dir/Drivers/STM32F4xx_HAL_Driver/Src/stm32f4xx_hal_dma.c.obj
LOAD CMakeFiles/Firmware.elf.dir/Drivers/STM32F4xx_HAL_Driver/Src/stm32f4xx_hal_dma_ex.c.obj
LOAD CMakeFiles/Firmware.elf.dir/Drivers/STM32F4xx_HAL_Driver/Src/stm32f4xx_hal_exti.c.obj
LOAD CMakeFiles/Firmware.elf.dir/Drivers/STM32F4xx_HAL_Driver/Src/stm32f4xx_hal_flash.c.obj
LOAD CMakeFiles/Firmware.elf.dir/Drivers/STM32F4xx_HAL_Driver/Src/stm32f4xx_hal_flash_ex.c.obj
LOAD CMakeFiles/Firmware.elf.dir/Drivers/STM32F4xx_HAL_Driver/Src/stm32f4xx_hal_flash_ramfunc.c.obj
LOAD CMakeFiles/Firmware.elf.dir/Drivers/STM32F4xx_HAL_Driver/Src/stm32f4xx_hal_gpio.c.obj
LOAD CMakeFiles/Firmware.elf.dir/Drivers/STM32F4xx_HAL_Driver/Src/stm32f4xx_hal_pwr.c.obj
LOAD CMakeFiles/Firmware.elf.dir/Drivers/STM32F4xx_HAL_Driver/Src/stm32f4xx_hal_pwr_ex.c.obj
LOAD CMakeFiles/Firmware.elf.dir/Drivers/STM32F4xx_HAL_Driver/Src/stm32f4xx_hal_rcc.c.obj
LOAD CMakeFiles/Firmware.elf.dir/Drivers/STM32F4xx_HAL_Driver/Src/stm32f4xx_hal_rcc_ex.c.obj
LOAD CMakeFiles/Firmware.elf.dir/Drivers/STM32F4xx_HAL_Driver/Src/stm32f4xx_hal_spi.c.obj
LOAD CMakeFiles/Firmware.elf.dir/Drivers/STM32F4xx_HAL_Driver/Src/stm32f4xx_hal_tim.c.obj
LOAD CMakeFiles/Firmware.elf.dir/Drivers/STM32F4xx_HAL_Driver/Src/stm32f4xx_hal_tim_ex.c.obj
LOAD CMakeFiles/Firmware.elf.dir/Drivers/STM32F4xx_HAL_Driver/Src/stm32f4xx_hal_uart.c.obj
LOAD CMakeFiles/Firmware.elf.dir/startup/startup_stm32f401xe.s.obj
START GROUP
LOAD /usr/local/opt/gcc-arm-none-eabi-9-2019-q4-major/bin/../lib/gcc/arm-none-eabi/9.2.1/thumb/v7e-m/nofp/libgcc.a
LOAD /usr/local/opt/gcc-arm-none-eabi-9-2019-q4-major/bin/../lib/gcc/arm-none-eabi/9.2.1/../../../../arm-none-eabi/lib/thumb/v7e-m/nofp/libg_nano.a
LOAD /usr/local/opt/gcc-arm-none-eabi-9-2019-q4-major/bin/../lib/gcc/arm-none-eabi/9.2.1/../../../../arm-none-eabi/lib/thumb/v7e-m/nofp/libc_nano.a
END GROUP
START GROUP
LOAD /usr/local/opt/gcc-arm-none-eabi-9-2019-q4-major/bin/../lib/gcc/arm-none-eabi/9.2.1/thumb/v7e-m/nofp/libgcc.a
LOAD /usr/local/opt/gcc-arm-none-eabi-9-2019-q4-major/bin/../lib/gcc/arm-none-eabi/9.2.1/../../../../arm-none-eabi/lib/thumb/v7e-m/nofp/libc_nano.a
LOAD /usr/local/opt/gcc-arm-none-eabi-9-2019-q4-major/bin/../lib/gcc/arm-none-eabi/9.2.1/../../../../arm-none-eabi/lib/thumb/v7e-m/nofp/libnosys.a
END GROUP
START GROUP
LOAD /usr/local/opt/gcc-arm-none-eabi-9-2019-q4-major/bin/../lib/gcc/arm-none-eabi/9.2.1/thumb/v7e-m/nofp/libgcc.a
LOAD /usr/local/opt/gcc-arm-none-eabi-9-2019-q4-major/bin/../lib/gcc/arm-none-eabi/9.2.1/../../../../arm-none-eabi/lib/thumb/v7e-m/nofp/libc_nano.a
LOAD /usr/local/opt/gcc-arm-none-eabi-9-2019-q4-major/bin/../lib/gcc/arm-none-eabi/9.2.1/../../../../arm-none-eabi/lib/thumb/v7e-m/nofp/libnosys.a
END GROUP
LOAD /usr/local/opt/gcc-arm-none-eabi-9-2019-q4-major/bin/../lib/gcc/arm-none-eabi/9.2.1/thumb/v7e-m/nofp/crtend.o
LOAD /usr/local/opt/gcc-arm-none-eabi-9-2019-q4-major/bin/../lib/gcc/arm-none-eabi/9.2.1/thumb/v7e-m/nofp/crtn.o
                0x0000000020018000                _estack = 0x20018000
                0x0000000000000200                _Min_Heap_Size = 0x200
                0x0000000000000400                _Min_Stack_Size = 0x400

.isr_vector     0x0000000008000000      0x194
                0x0000000008000000                . = ALIGN (0x4)
 *(.isr_vector)
 .isr_vector    0x0000000008000000      0x194 CMakeFiles/Firmware.elf.dir/startup/startup_stm32f401xe.s.obj
                0x0000000008000000                g_pfnVectors
                0x0000000008000194                . = ALIGN (0x4)

.text           0x00000000080001a0     0x4bd8
                0x00000000080001a0                . = ALIGN (0x4)
 *(.text)
 .text          0x00000000080001a0       0x40 /usr/local/opt/gcc-arm-none-eabi-9-2019-q4-major/bin/../lib/gcc/arm-none-eabi/9.2.1/thumb/v7e-m/nofp/crtbegin.o
 .text          0x00000000080001e0       0x30 /usr/local/opt/gcc-arm-none-eabi-9-2019-q4-major/bin/../lib/gcc/arm-none-eabi/9.2.1/thumb/v7e-m/nofp/libgcc.a(_aeabi_uldivmod.o)
                0x00000000080001e0                __aeabi_uldivmod
 .text          0x0000000008000210      0x2c0 /usr/local/opt/gcc-arm-none-eabi-9-2019-q4-major/bin/../lib/gcc/arm-none-eabi/9.2.1/thumb/v7e-m/nofp/libgcc.a(_udivmoddi4.o)
                0x0000000008000210                __udivmoddi4
 .text          0x00000000080004d0        0x4 /usr/local/opt/gcc-arm-none-eabi-9-2019-q4-major/bin/../lib/gcc/arm-none-eabi/9.2.1/thumb/v7e-m/nofp/libgcc.a(_dvmd_tls.o)
                0x00000000080004d0                __aeabi_ldiv0
                0x00000000080004d0                __aeabi_idiv0
 *fill*         0x00000000080004d4        0xc 
 .text          0x00000000080004e0       0xa0 /usr/local/opt/gcc-arm-none-eabi-9-2019-q4-major/bin/../lib/gcc/arm-none-eabi/9.2.1/../../../../arm-none-eabi/lib/thumb/v7e-m/nofp/libg_nano.a(lib_a-memchr.o)
                0x00000000080004e0                memchr
 *(.text*)
 .text.main     0x0000000008000580       0xf8 CMakeFiles/Firmware.elf.dir/Core/Src/main.c.obj
                0x0000000008000580                main
 .text.SystemClock_Config
                0x0000000008000678       0xd4 CMakeFiles/Firmware.elf.dir/Core/Src/main.c.obj
                0x0000000008000678                SystemClock_Config
 .text.MX_SPI1_Init
                0x000000000800074c       0x6c CMakeFiles/Firmware.elf.dir/Core/Src/main.c.obj
 .text.MX_TIM1_Init
                0x00000000080007b8       0xb0 CMakeFiles/Firmware.elf.dir/Core/Src/main.c.obj
 .text.MX_USART2_UART_Init
                0x0000000008000868       0x54 CMakeFiles/Firmware.elf.dir/Core/Src/main.c.obj
 .text.MX_GPIO_Init
                0x00000000080008bc      0x11c CMakeFiles/Firmware.elf.dir/Core/Src/main.c.obj
 .text.HAL_TIM_IC_CaptureCallback
                0x00000000080009d8       0x40 CMakeFiles/Firmware.elf.dir/Core/Src/main.c.obj
                0x00000000080009d8                HAL_TIM_IC_CaptureCallback
 .text._write   0x0000000008000a18       0x54 CMakeFiles/Firmware.elf.dir/Core/Src/main.c.obj
                0x0000000008000a18                _write
 .text.Error_Handler
                0x0000000008000a6c       0x14 CMakeFiles/Firmware.elf.dir/Core/Src/main.c.obj
                0x0000000008000a6c                Error_Handler
 .text.HAL_MspInit
                0x0000000008000a80       0x50 CMakeFiles/Firmware.elf.dir/Core/Src/stm32f4xx_hal_msp.c.obj
                0x0000000008000a80                HAL_MspInit
 .text.HAL_SPI_MspInit
                0x0000000008000ad0       0x90 CMakeFiles/Firmware.elf.dir/Core/Src/stm32f4xx_hal_msp.c.obj
                0x0000000008000ad0                HAL_SPI_MspInit
 .text.HAL_TIM_Encoder_MspInit
                0x0000000008000b60       0xa0 CMakeFiles/Firmware.elf.dir/Core/Src/stm32f4xx_hal_msp.c.obj
                0x0000000008000b60                HAL_TIM_Encoder_MspInit
 .text.HAL_UART_MspInit
                0x0000000008000c00       0x90 CMakeFiles/Firmware.elf.dir/Core/Src/stm32f4xx_hal_msp.c.obj
                0x0000000008000c00                HAL_UART_MspInit
 .text.NMI_Handler
                0x0000000008000c90        0xc CMakeFiles/Firmware.elf.dir/Core/Src/stm32f4xx_it.c.obj
                0x0000000008000c90                NMI_Handler
 .text.HardFault_Handler
                0x0000000008000c9c        0x6 CMakeFiles/Firmware.elf.dir/Core/Src/stm32f4xx_it.c.obj
                0x0000000008000c9c                HardFault_Handler
 .text.MemManage_Handler
                0x0000000008000ca2        0x6 CMakeFiles/Firmware.elf.dir/Core/Src/stm32f4xx_it.c.obj
                0x0000000008000ca2                MemManage_Handler
 .text.BusFault_Handler
                0x0000000008000ca8        0x6 CMakeFiles/Firmware.elf.dir/Core/Src/stm32f4xx_it.c.obj
                0x0000000008000ca8                BusFault_Handler
 .text.UsageFault_Handler
                0x0000000008000cae        0x6 CMakeFiles/Firmware.elf.dir/Core/Src/stm32f4xx_it.c.obj
                0x0000000008000cae                UsageFault_Handler
 .text.SVC_Handler
                0x0000000008000cb4        0xc CMakeFiles/Firmware.elf.dir/Core/Src/stm32f4xx_it.c.obj
                0x0000000008000cb4                SVC_Handler
 .text.DebugMon_Handler
                0x0000000008000cc0        0xc CMakeFiles/Firmware.elf.dir/Core/Src/stm32f4xx_it.c.obj
                0x0000000008000cc0                DebugMon_Handler
 .text.PendSV_Handler
                0x0000000008000ccc        0xc CMakeFiles/Firmware.elf.dir/Core/Src/stm32f4xx_it.c.obj
                0x0000000008000ccc                PendSV_Handler
 .text.SysTick_Handler
                0x0000000008000cd8        0xc CMakeFiles/Firmware.elf.dir/Core/Src/stm32f4xx_it.c.obj
                0x0000000008000cd8                SysTick_Handler
 .text.TIM1_CC_IRQHandler
                0x0000000008000ce4       0x14 CMakeFiles/Firmware.elf.dir/Core/Src/stm32f4xx_it.c.obj
                0x0000000008000ce4                TIM1_CC_IRQHandler
 .text._read    0x0000000008000cf8       0x3a CMakeFiles/Firmware.elf.dir/Core/Src/syscalls.c.obj
                0x0000000008000cf8                _read
 *fill*         0x0000000008000d32        0x2 
 .text._sbrk    0x0000000008000d34       0x58 CMakeFiles/Firmware.elf.dir/Core/Src/syscalls.c.obj
                0x0000000008000d34                _sbrk
 .text._close   0x0000000008000d8c       0x16 CMakeFiles/Firmware.elf.dir/Core/Src/syscalls.c.obj
                0x0000000008000d8c                _close
 .text._fstat   0x0000000008000da2       0x1e CMakeFiles/Firmware.elf.dir/Core/Src/syscalls.c.obj
                0x0000000008000da2                _fstat
 .text._isatty  0x0000000008000dc0       0x14 CMakeFiles/Firmware.elf.dir/Core/Src/syscalls.c.obj
                0x0000000008000dc0                _isatty
 .text._lseek   0x0000000008000dd4       0x18 CMakeFiles/Firmware.elf.dir/Core/Src/syscalls.c.obj
                0x0000000008000dd4                _lseek
 .text.SystemInit
                0x0000000008000dec       0x18 CMakeFiles/Firmware.elf.dir/Core/Src/system_stm32f4xx.c.obj
                0x0000000008000dec                SystemInit
 .text.DEV_SPI_WriteByte
                0x0000000008000e04       0x24 CMakeFiles/Firmware.elf.dir/Core/User/Config/DEV_Config.c.obj
                0x0000000008000e04                DEV_SPI_WriteByte
 .text.DEV_Module_Init
                0x0000000008000e28       0x30 CMakeFiles/Firmware.elf.dir/Core/User/Config/DEV_Config.c.obj
                0x0000000008000e28                DEV_Module_Init
 .text.Paint_NewImage
                0x0000000008000e58       0xa8 CMakeFiles/Firmware.elf.dir/Core/User/GUI/GUI_Paint.c.obj
                0x0000000008000e58                Paint_NewImage
 .text.Paint_SelectImage
                0x0000000008000f00       0x1c CMakeFiles/Firmware.elf.dir/Core/User/GUI/GUI_Paint.c.obj
                0x0000000008000f00                Paint_SelectImage
 .text.Paint_SetPixel
                0x0000000008000f1c      0x228 CMakeFiles/Firmware.elf.dir/Core/User/GUI/GUI_Paint.c.obj
                0x0000000008000f1c                Paint_SetPixel
 .text.Paint_Clear
                0x0000000008001144       0x64 CMakeFiles/Firmware.elf.dir/Core/User/GUI/GUI_Paint.c.obj
                0x0000000008001144                Paint_Clear
 .text.Paint_DrawPoint
                0x00000000080011a8      0x158 CMakeFiles/Firmware.elf.dir/Core/User/GUI/GUI_Paint.c.obj
                0x00000000080011a8                Paint_DrawPoint
 .text.EPD_4IN2_Reset
                0x0000000008001300       0x3c CMakeFiles/Firmware.elf.dir/Core/User/e-Paper/EPD_4in2.c.obj
 .text.EPD_4IN2_SendCommand
                0x000000000800133c       0x40 CMakeFiles/Firmware.elf.dir/Core/User/e-Paper/EPD_4in2.c.obj
 .text.EPD_4IN2_SendData
                0x000000000800137c       0x40 CMakeFiles/Firmware.elf.dir/Core/User/e-Paper/EPD_4in2.c.obj
 .text.EPD_4IN2_ReadBusy
                0x00000000080013bc       0x44 CMakeFiles/Firmware.elf.dir/Core/User/e-Paper/EPD_4in2.c.obj
                0x00000000080013bc                EPD_4IN2_ReadBusy
 .text.EPD_4IN2_TurnOnDisplay
                0x0000000008001400       0x18 CMakeFiles/Firmware.elf.dir/Core/User/e-Paper/EPD_4in2.c.obj
 .text.EPD_4IN2_SetLut
                0x0000000008001418       0xd8 CMakeFiles/Firmware.elf.dir/Core/User/e-Paper/EPD_4in2.c.obj
 .text.EPD_4IN2_Partial_SetLut
                0x00000000080014f0       0xe4 CMakeFiles/Firmware.elf.dir/Core/User/e-Paper/EPD_4in2.c.obj
 .text.EPD_4IN2_Init
                0x00000000080015d4       0xa4 CMakeFiles/Firmware.elf.dir/Core/User/e-Paper/EPD_4in2.c.obj
                0x00000000080015d4                EPD_4IN2_Init
 .text.EPD_4IN2_Clear
                0x0000000008001678       0x90 CMakeFiles/Firmware.elf.dir/Core/User/e-Paper/EPD_4in2.c.obj
                0x0000000008001678                EPD_4IN2_Clear
 .text.EPD_4IN2_PartialDisplay
                0x0000000008001708      0x1f4 CMakeFiles/Firmware.elf.dir/Core/User/e-Paper/EPD_4in2.c.obj
                0x0000000008001708                EPD_4IN2_PartialDisplay
 .text.HAL_Init
                0x00000000080018fc       0x44 CMakeFiles/Firmware.elf.dir/Drivers/STM32F4xx_HAL_Driver/Src/stm32f4xx_hal.c.obj
                0x00000000080018fc                HAL_Init
 .text.HAL_InitTick
                0x0000000008001940       0x60 CMakeFiles/Firmware.elf.dir/Drivers/STM32F4xx_HAL_Driver/Src/stm32f4xx_hal.c.obj
                0x0000000008001940                HAL_InitTick
 .text.HAL_IncTick
                0x00000000080019a0       0x24 CMakeFiles/Firmware.elf.dir/Drivers/STM32F4xx_HAL_Driver/Src/stm32f4xx_hal.c.obj
                0x00000000080019a0                HAL_IncTick
 .text.HAL_GetTick
                0x00000000080019c4       0x14 CMakeFiles/Firmware.elf.dir/Drivers/STM32F4xx_HAL_Driver/Src/stm32f4xx_hal.c.obj
                0x00000000080019c4                HAL_GetTick
 .text.HAL_Delay
                0x00000000080019d8       0x48 CMakeFiles/Firmware.elf.dir/Drivers/STM32F4xx_HAL_Driver/Src/stm32f4xx_hal.c.obj
                0x00000000080019d8                HAL_Delay
 .text.__NVIC_SetPriorityGrouping
                0x0000000008001a20       0x48 CMakeFiles/Firmware.elf.dir/Drivers/STM32F4xx_HAL_Driver/Src/stm32f4xx_hal_cortex.c.obj
 .text.__NVIC_GetPriorityGrouping
                0x0000000008001a68       0x1c CMakeFiles/Firmware.elf.dir/Drivers/STM32F4xx_HAL_Driver/Src/stm32f4xx_hal_cortex.c.obj
 .text.__NVIC_EnableIRQ
                0x0000000008001a84       0x38 CMakeFiles/Firmware.elf.dir/Drivers/STM32F4xx_HAL_Driver/Src/stm32f4xx_hal_cortex.c.obj
 .text.__NVIC_SetPriority
                0x0000000008001abc       0x54 CMakeFiles/Firmware.elf.dir/Drivers/STM32F4xx_HAL_Driver/Src/stm32f4xx_hal_cortex.c.obj
 .text.NVIC_EncodePriority
                0x0000000008001b10       0x64 CMakeFiles/Firmware.elf.dir/Drivers/STM32F4xx_HAL_Driver/Src/stm32f4xx_hal_cortex.c.obj
 .text.SysTick_Config
                0x0000000008001b74       0x44 CMakeFiles/Firmware.elf.dir/Drivers/STM32F4xx_HAL_Driver/Src/stm32f4xx_hal_cortex.c.obj
 .text.HAL_NVIC_SetPriorityGrouping
                0x0000000008001bb8       0x16 CMakeFiles/Firmware.elf.dir/Drivers/STM32F4xx_HAL_Driver/Src/stm32f4xx_hal_cortex.c.obj
                0x0000000008001bb8                HAL_NVIC_SetPriorityGrouping
 .text.HAL_NVIC_SetPriority
                0x0000000008001bce       0x38 CMakeFiles/Firmware.elf.dir/Drivers/STM32F4xx_HAL_Driver/Src/stm32f4xx_hal_cortex.c.obj
                0x0000000008001bce                HAL_NVIC_SetPriority
 .text.HAL_NVIC_EnableIRQ
                0x0000000008001c06       0x1c CMakeFiles/Firmware.elf.dir/Drivers/STM32F4xx_HAL_Driver/Src/stm32f4xx_hal_cortex.c.obj
                0x0000000008001c06                HAL_NVIC_EnableIRQ
 .text.HAL_SYSTICK_Config
                0x0000000008001c22       0x18 CMakeFiles/Firmware.elf.dir/Drivers/STM32F4xx_HAL_Driver/Src/stm32f4xx_hal_cortex.c.obj
                0x0000000008001c22                HAL_SYSTICK_Config
 *fill*         0x0000000008001c3a        0x2 
 .text.HAL_GPIO_Init
                0x0000000008001c3c      0x304 CMakeFiles/Firmware.elf.dir/Drivers/STM32F4xx_HAL_Driver/Src/stm32f4xx_hal_gpio.c.obj
                0x0000000008001c3c                HAL_GPIO_Init
 .text.HAL_GPIO_ReadPin
                0x0000000008001f40       0x2e CMakeFiles/Firmware.elf.dir/Drivers/STM32F4xx_HAL_Driver/Src/stm32f4xx_hal_gpio.c.obj
                0x0000000008001f40                HAL_GPIO_ReadPin
 .text.HAL_GPIO_WritePin
                0x0000000008001f6e       0x30 CMakeFiles/Firmware.elf.dir/Drivers/STM32F4xx_HAL_Driver/Src/stm32f4xx_hal_gpio.c.obj
                0x0000000008001f6e                HAL_GPIO_WritePin
 *fill*         0x0000000008001f9e        0x2 
 .text.HAL_RCC_OscConfig
                0x0000000008001fa0      0x4e0 CMakeFiles/Firmware.elf.dir/Drivers/STM32F4xx_HAL_Driver/Src/stm32f4xx_hal_rcc.c.obj
                0x0000000008001fa0                HAL_RCC_OscConfig
 .text.HAL_RCC_ClockConfig
                0x0000000008002480      0x1cc CMakeFiles/Firmware.elf.dir/Drivers/STM32F4xx_HAL_Driver/Src/stm32f4xx_hal_rcc.c.obj
                0x0000000008002480                HAL_RCC_ClockConfig
 .text.HAL_RCC_GetSysClockFreq
                0x000000000800264c      0x1c4 CMakeFiles/Firmware.elf.dir/Drivers/STM32F4xx_HAL_Driver/Src/stm32f4xx_hal_rcc.c.obj
                0x000000000800264c                HAL_RCC_GetSysClockFreq
 .text.HAL_RCC_GetHCLKFreq
                0x0000000008002810       0x14 CMakeFiles/Firmware.elf.dir/Drivers/STM32F4xx_HAL_Driver/Src/stm32f4xx_hal_rcc.c.obj
                0x0000000008002810                HAL_RCC_GetHCLKFreq
 .text.HAL_RCC_GetPCLK1Freq
                0x0000000008002824       0x28 CMakeFiles/Firmware.elf.dir/Drivers/STM32F4xx_HAL_Driver/Src/stm32f4xx_hal_rcc.c.obj
                0x0000000008002824                HAL_RCC_GetPCLK1Freq
 .text.HAL_RCC_GetPCLK2Freq
                0x000000000800284c       0x28 CMakeFiles/Firmware.elf.dir/Drivers/STM32F4xx_HAL_Driver/Src/stm32f4xx_hal_rcc.c.obj
                0x000000000800284c                HAL_RCC_GetPCLK2Freq
 .text.HAL_SPI_Init
                0x0000000008002874       0xc8 CMakeFiles/Firmware.elf.dir/Drivers/STM32F4xx_HAL_Driver/Src/stm32f4xx_hal_spi.c.obj
                0x0000000008002874                HAL_SPI_Init
 .text.HAL_SPI_Transmit
                0x000000000800293c      0x268 CMakeFiles/Firmware.elf.dir/Drivers/STM32F4xx_HAL_Driver/Src/stm32f4xx_hal_spi.c.obj
                0x000000000800293c                HAL_SPI_Transmit
 .text.SPI_WaitFlagStateUntilTimeout
                0x0000000008002ba4       0xd4 CMakeFiles/Firmware.elf.dir/Drivers/STM32F4xx_HAL_Driver/Src/stm32f4xx_hal_spi.c.obj
 .text.SPI_EndRxTxTransaction
                0x0000000008002c78       0x84 CMakeFiles/Firmware.elf.dir/Drivers/STM32F4xx_HAL_Driver/Src/stm32f4xx_hal_spi.c.obj
 .text.HAL_TIM_Encoder_Init
                0x0000000008002cfc      0x124 CMakeFiles/Firmware.elf.dir/Drivers/STM32F4xx_HAL_Driver/Src/stm32f4xx_hal_tim.c.obj
                0x0000000008002cfc                HAL_TIM_Encoder_Init
 .text.HAL_TIM_Encoder_Start_IT
                0x0000000008002e20       0xb0 CMakeFiles/Firmware.elf.dir/Drivers/STM32F4xx_HAL_Driver/Src/stm32f4xx_hal_tim.c.obj
                0x0000000008002e20                HAL_TIM_Encoder_Start_IT
 .text.HAL_TIM_IRQHandler
                0x0000000008002ed0      0x210 CMakeFiles/Firmware.elf.dir/Drivers/STM32F4xx_HAL_Driver/Src/stm32f4xx_hal_tim.c.obj
                0x0000000008002ed0                HAL_TIM_IRQHandler
 .text.HAL_TIM_PeriodElapsedCallback
                0x00000000080030e0       0x12 CMakeFiles/Firmware.elf.dir/Drivers/STM32F4xx_HAL_Driver/Src/stm32f4xx_hal_tim.c.obj
                0x00000000080030e0                HAL_TIM_PeriodElapsedCallback
 .text.HAL_TIM_OC_DelayElapsedCallback
                0x00000000080030f2       0x12 CMakeFiles/Firmware.elf.dir/Drivers/STM32F4xx_HAL_Driver/Src/stm32f4xx_hal_tim.c.obj
                0x00000000080030f2                HAL_TIM_OC_DelayElapsedCallback
 .text.HAL_TIM_PWM_PulseFinishedCallback
                0x0000000008003104       0x12 CMakeFiles/Firmware.elf.dir/Drivers/STM32F4xx_HAL_Driver/Src/stm32f4xx_hal_tim.c.obj
                0x0000000008003104                HAL_TIM_PWM_PulseFinishedCallback
 .text.HAL_TIM_TriggerCallback
                0x0000000008003116       0x12 CMakeFiles/Firmware.elf.dir/Drivers/STM32F4xx_HAL_Driver/Src/stm32f4xx_hal_tim.c.obj
                0x0000000008003116                HAL_TIM_TriggerCallback
 .text.TIM_Base_SetConfig
                0x0000000008003128       0xfc CMakeFiles/Firmware.elf.dir/Drivers/STM32F4xx_HAL_Driver/Src/stm32f4xx_hal_tim.c.obj
                0x0000000008003128                TIM_Base_SetConfig
 .text.TIM_CCxChannelCmd
                0x0000000008003224       0x48 CMakeFiles/Firmware.elf.dir/Drivers/STM32F4xx_HAL_Driver/Src/stm32f4xx_hal_tim.c.obj
                0x0000000008003224                TIM_CCxChannelCmd
 .text.HAL_TIMEx_MasterConfigSynchronization
                0x000000000800326c       0xd8 CMakeFiles/Firmware.elf.dir/Drivers/STM32F4xx_HAL_Driver/Src/stm32f4xx_hal_tim_ex.c.obj
                0x000000000800326c                HAL_TIMEx_MasterConfigSynchronization
 .text.HAL_TIMEx_CommutCallback
                0x0000000008003344       0x12 CMakeFiles/Firmware.elf.dir/Drivers/STM32F4xx_HAL_Driver/Src/stm32f4xx_hal_tim_ex.c.obj
                0x0000000008003344                HAL_TIMEx_CommutCallback
 .text.HAL_TIMEx_BreakCallback
                0x0000000008003356       0x12 CMakeFiles/Firmware.elf.dir/Drivers/STM32F4xx_HAL_Driver/Src/stm32f4xx_hal_tim_ex.c.obj
                0x0000000008003356                HAL_TIMEx_BreakCallback
 .text.HAL_UART_Init
                0x0000000008003368       0x9a CMakeFiles/Firmware.elf.dir/Drivers/STM32F4xx_HAL_Driver/Src/stm32f4xx_hal_uart.c.obj
                0x0000000008003368                HAL_UART_Init
 .text.HAL_UART_Transmit
                0x0000000008003402      0x132 CMakeFiles/Firmware.elf.dir/Drivers/STM32F4xx_HAL_Driver/Src/stm32f4xx_hal_uart.c.obj
                0x0000000008003402                HAL_UART_Transmit
 .text.UART_WaitOnFlagUntilTimeout
                0x0000000008003534       0x94 CMakeFiles/Firmware.elf.dir/Drivers/STM32F4xx_HAL_Driver/Src/stm32f4xx_hal_uart.c.obj
 .text.UART_SetConfig
                0x00000000080035c8      0x740 CMakeFiles/Firmware.elf.dir/Drivers/STM32F4xx_HAL_Driver/Src/stm32f4xx_hal_uart.c.obj
 .text.Reset_Handler
                0x0000000008003d08       0x50 CMakeFiles/Firmware.elf.dir/startup/startup_stm32f401xe.s.obj
                0x0000000008003d08                Reset_Handler
 .text.Default_Handler
                0x0000000008003d58        0x2 CMakeFiles/Firmware.elf.dir/startup/startup_stm32f401xe.s.obj
                0x0000000008003d58                DMA1_Stream3_IRQHandler
                0x0000000008003d58                EXTI2_IRQHandler
                0x0000000008003d58                SPI4_IRQHandler
                0x0000000008003d58                DMA2_Stream5_IRQHandler
                0x0000000008003d58                DMA1_Stream5_IRQHandler
                0x0000000008003d58                PVD_IRQHandler
                0x0000000008003d58                SDIO_IRQHandler
                0x0000000008003d58                TAMP_STAMP_IRQHandler
                0x0000000008003d58                EXTI3_IRQHandler
                0x0000000008003d58                TIM1_UP_TIM10_IRQHandler
                0x0000000008003d58                I2C3_ER_IRQHandler
                0x0000000008003d58                EXTI0_IRQHandler
                0x0000000008003d58                I2C2_EV_IRQHandler
                0x0000000008003d58                DMA1_Stream2_IRQHandler
                0x0000000008003d58                FPU_IRQHandler
                0x0000000008003d58                DMA2_Stream2_IRQHandler
                0x0000000008003d58                SPI1_IRQHandler
                0x0000000008003d58                TIM1_BRK_TIM9_IRQHandler
                0x0000000008003d58                DMA2_Stream3_IRQHandler
                0x0000000008003d58                USART6_IRQHandler
                0x0000000008003d58                DMA2_Stream0_IRQHandler
                0x0000000008003d58                TIM4_IRQHandler
                0x0000000008003d58                I2C1_EV_IRQHandler
                0x0000000008003d58                DMA1_Stream6_IRQHandler
                0x0000000008003d58                DMA1_Stream1_IRQHandler
                0x0000000008003d58                TIM3_IRQHandler
                0x0000000008003d58                RCC_IRQHandler
                0x0000000008003d58                Default_Handler
                0x0000000008003d58                EXTI15_10_IRQHandler
                0x0000000008003d58                ADC_IRQHandler
                0x0000000008003d58                DMA1_Stream7_IRQHandler
                0x0000000008003d58                TIM5_IRQHandler
                0x0000000008003d58                DMA2_Stream7_IRQHandler
                0x0000000008003d58                I2C3_EV_IRQHandler
                0x0000000008003d58                EXTI9_5_IRQHandler
                0x0000000008003d58                RTC_WKUP_IRQHandler
                0x0000000008003d58                SPI2_IRQHandler
                0x0000000008003d58                DMA1_Stream0_IRQHandler
                0x0000000008003d58                EXTI4_IRQHandler
                0x0000000008003d58                WWDG_IRQHandler
                0x0000000008003d58                TIM2_IRQHandler
                0x0000000008003d58                OTG_FS_WKUP_IRQHandler
                0x0000000008003d58                TIM1_TRG_COM_TIM11_IRQHandler
                0x0000000008003d58                EXTI1_IRQHandler
                0x0000000008003d58                USART2_IRQHandler
                0x0000000008003d58                I2C2_ER_IRQHandler
                0x0000000008003d58                DMA2_Stream1_IRQHandler
                0x0000000008003d58                FLASH_IRQHandler
                0x0000000008003d58                DMA2_Stream4_IRQHandler
                0x0000000008003d58                USART1_IRQHandler
                0x0000000008003d58                OTG_FS_IRQHandler
                0x0000000008003d58                SPI3_IRQHandler
                0x0000000008003d58                DMA1_Stream4_IRQHandler
                0x0000000008003d58                I2C1_ER_IRQHandler
                0x0000000008003d58                DMA2_Stream6_IRQHandler
                0x0000000008003d58                RTC_Alarm_IRQHandler
 *fill*         0x0000000008003d5a        0x2 
 .text.__errno  0x0000000008003d5c        0xc /usr/local/opt/gcc-arm-none-eabi-9-2019-q4-major/bin/../lib/gcc/arm-none-eabi/9.2.1/../../../../arm-none-eabi/lib/thumb/v7e-m/nofp/libg_nano.a(lib_a-errno.o)
                0x0000000008003d5c                __errno
 .text.__libc_init_array
                0x0000000008003d68       0x48 /usr/local/opt/gcc-arm-none-eabi-9-2019-q4-major/bin/../lib/gcc/arm-none-eabi/9.2.1/../../../../arm-none-eabi/lib/thumb/v7e-m/nofp/libg_nano.a(lib_a-init.o)
                0x0000000008003d68                __libc_init_array
 .text.malloc   0x0000000008003db0       0x10 /usr/local/opt/gcc-arm-none-eabi-9-2019-q4-major/bin/../lib/gcc/arm-none-eabi/9.2.1/../../../../arm-none-eabi/lib/thumb/v7e-m/nofp/libg_nano.a(lib_a-malloc.o)
                0x0000000008003db0                malloc
 .text.memset   0x0000000008003dc0       0x10 /usr/local/opt/gcc-arm-none-eabi-9-2019-q4-major/bin/../lib/gcc/arm-none-eabi/9.2.1/../../../../arm-none-eabi/lib/thumb/v7e-m/nofp/libg_nano.a(lib_a-memset.o)
                0x0000000008003dc0                memset
 .text._free_r  0x0000000008003dd0       0x9c /usr/local/opt/gcc-arm-none-eabi-9-2019-q4-major/bin/../lib/gcc/arm-none-eabi/9.2.1/../../../../arm-none-eabi/lib/thumb/v7e-m/nofp/libg_nano.a(lib_a-nano-freer.o)
                0x0000000008003dd0                _free_r
 .text._malloc_r
                0x0000000008003e6c       0xb4 /usr/local/opt/gcc-arm-none-eabi-9-2019-q4-major/bin/../lib/gcc/arm-none-eabi/9.2.1/../../../../arm-none-eabi/lib/thumb/v7e-m/nofp/libg_nano.a(lib_a-nano-mallocr.o)
                0x0000000008003e6c                _malloc_r
 .text.printf   0x0000000008003f20       0x30 /usr/local/opt/gcc-arm-none-eabi-9-2019-q4-major/bin/../lib/gcc/arm-none-eabi/9.2.1/../../../../arm-none-eabi/lib/thumb/v7e-m/nofp/libg_nano.a(lib_a-printf.o)
                0x0000000008003f20                printf
                0x0000000008003f20                iprintf
 .text._puts_r  0x0000000008003f50       0xdc /usr/local/opt/gcc-arm-none-eabi-9-2019-q4-major/bin/../lib/gcc/arm-none-eabi/9.2.1/../../../../arm-none-eabi/lib/thumb/v7e-m/nofp/libg_nano.a(lib_a-puts.o)
                0x0000000008003f50                _puts_r
 .text.puts     0x000000000800402c       0x10 /usr/local/opt/gcc-arm-none-eabi-9-2019-q4-major/bin/../lib/gcc/arm-none-eabi/9.2.1/../../../../arm-none-eabi/lib/thumb/v7e-m/nofp/libg_nano.a(lib_a-puts.o)
                0x000000000800402c                puts
 .text._sbrk_r  0x000000000800403c       0x20 /usr/local/opt/gcc-arm-none-eabi-9-2019-q4-major/bin/../lib/gcc/arm-none-eabi/9.2.1/../../../../arm-none-eabi/lib/thumb/v7e-m/nofp/libg_nano.a(lib_a-sbrkr.o)
                0x000000000800403c                _sbrk_r
 .text.__swbuf_r
                0x000000000800405c       0xa4 /usr/local/opt/gcc-arm-none-eabi-9-2019-q4-major/bin/../lib/gcc/arm-none-eabi/9.2.1/../../../../arm-none-eabi/lib/thumb/v7e-m/nofp/libg_nano.a(lib_a-wbuf.o)
                0x000000000800405c                __swbuf_r
 .text.__swsetup_r
                0x0000000008004100       0xdc /usr/local/opt/gcc-arm-none-eabi-9-2019-q4-major/bin/../lib/gcc/arm-none-eabi/9.2.1/../../../../arm-none-eabi/lib/thumb/v7e-m/nofp/libg_nano.a(lib_a-wsetup.o)
                0x0000000008004100                __swsetup_r
 .text.__sflush_r
                0x00000000080041dc      0x10c /usr/local/opt/gcc-arm-none-eabi-9-2019-q4-major/bin/../lib/gcc/arm-none-eabi/9.2.1/../../../../arm-none-eabi/lib/thumb/v7e-m/nofp/libg_nano.a(lib_a-fflush.o)
                0x00000000080041dc                __sflush_r
 .text._fflush_r
                0x00000000080042e8       0x78 /usr/local/opt/gcc-arm-none-eabi-9-2019-q4-major/bin/../lib/gcc/arm-none-eabi/9.2.1/../../../../arm-none-eabi/lib/thumb/v7e-m/nofp/libg_nano.a(lib_a-fflush.o)
                0x00000000080042e8                _fflush_r
 .text.std      0x0000000008004360       0x48 /usr/local/opt/gcc-arm-none-eabi-9-2019-q4-major/bin/../lib/gcc/arm-none-eabi/9.2.1/../../../../arm-none-eabi/lib/thumb/v7e-m/nofp/libg_nano.a(lib_a-findfp.o)
 .text._cleanup_r
                0x00000000080043a8        0xc /usr/local/opt/gcc-arm-none-eabi-9-2019-q4-major/bin/../lib/gcc/arm-none-eabi/9.2.1/../../../../arm-none-eabi/lib/thumb/v7e-m/nofp/libg_nano.a(lib_a-findfp.o)
                0x00000000080043a8                _cleanup_r
 .text.__sfmoreglue
                0x00000000080043b4       0x2c /usr/local/opt/gcc-arm-none-eabi-9-2019-q4-major/bin/../lib/gcc/arm-none-eabi/9.2.1/../../../../arm-none-eabi/lib/thumb/v7e-m/nofp/libg_nano.a(lib_a-findfp.o)
                0x00000000080043b4                __sfmoreglue
 .text.__sfp_lock_acquire
                0x00000000080043e0        0xc /usr/local/opt/gcc-arm-none-eabi-9-2019-q4-major/bin/../lib/gcc/arm-none-eabi/9.2.1/../../../../arm-none-eabi/lib/thumb/v7e-m/nofp/libg_nano.a(lib_a-findfp.o)
                0x00000000080043e0                __sfp_lock_acquire
 .text.__sfp_lock_release
                0x00000000080043ec        0xc /usr/local/opt/gcc-arm-none-eabi-9-2019-q4-major/bin/../lib/gcc/arm-none-eabi/9.2.1/../../../../arm-none-eabi/lib/thumb/v7e-m/nofp/libg_nano.a(lib_a-findfp.o)
                0x00000000080043ec                __sfp_lock_release
 .text.__sinit_lock_acquire
                0x00000000080043f8        0xc /usr/local/opt/gcc-arm-none-eabi-9-2019-q4-major/bin/../lib/gcc/arm-none-eabi/9.2.1/../../../../arm-none-eabi/lib/thumb/v7e-m/nofp/libg_nano.a(lib_a-findfp.o)
                0x00000000080043f8                __sinit_lock_acquire
 .text.__sinit_lock_release
                0x0000000008004404        0xc /usr/local/opt/gcc-arm-none-eabi-9-2019-q4-major/bin/../lib/gcc/arm-none-eabi/9.2.1/../../../../arm-none-eabi/lib/thumb/v7e-m/nofp/libg_nano.a(lib_a-findfp.o)
                0x0000000008004404                __sinit_lock_release
 .text.__sinit  0x0000000008004410       0x70 /usr/local/opt/gcc-arm-none-eabi-9-2019-q4-major/bin/../lib/gcc/arm-none-eabi/9.2.1/../../../../arm-none-eabi/lib/thumb/v7e-m/nofp/libg_nano.a(lib_a-findfp.o)
                0x0000000008004410                __sinit
 .text.__sfp    0x0000000008004480       0x8c /usr/local/opt/gcc-arm-none-eabi-9-2019-q4-major/bin/../lib/gcc/arm-none-eabi/9.2.1/../../../../arm-none-eabi/lib/thumb/v7e-m/nofp/libg_nano.a(lib_a-findfp.o)
                0x0000000008004480                __sfp
 .text._fwalk_reent
                0x000000000800450c       0x3e /usr/local/opt/gcc-arm-none-eabi-9-2019-q4-major/bin/../lib/gcc/arm-none-eabi/9.2.1/../../../../arm-none-eabi/lib/thumb/v7e-m/nofp/libg_nano.a(lib_a-fwalk.o)
                0x000000000800450c                _fwalk_reent
 .text.__retarget_lock_init_recursive
                0x000000000800454a        0x2 /usr/local/opt/gcc-arm-none-eabi-9-2019-q4-major/bin/../lib/gcc/arm-none-eabi/9.2.1/../../../../arm-none-eabi/lib/thumb/v7e-m/nofp/libg_nano.a(lib_a-lock.o)
                0x000000000800454a                __retarget_lock_init_recursive
 .text.__retarget_lock_acquire_recursive
                0x000000000800454c        0x2 /usr/local/opt/gcc-arm-none-eabi-9-2019-q4-major/bin/../lib/gcc/arm-none-eabi/9.2.1/../../../../arm-none-eabi/lib/thumb/v7e-m/nofp/libg_nano.a(lib_a-lock.o)
                0x000000000800454c                __retarget_lock_acquire_recursive
 .text.__retarget_lock_release_recursive
                0x000000000800454e        0x2 /usr/local/opt/gcc-arm-none-eabi-9-2019-q4-major/bin/../lib/gcc/arm-none-eabi/9.2.1/../../../../arm-none-eabi/lib/thumb/v7e-m/nofp/libg_nano.a(lib_a-lock.o)
                0x000000000800454e                __retarget_lock_release_recursive
 .text.__swhatbuf_r
                0x0000000008004550       0x48 /usr/local/opt/gcc-arm-none-eabi-9-2019-q4-major/bin/../lib/gcc/arm-none-eabi/9.2.1/../../../../arm-none-eabi/lib/thumb/v7e-m/nofp/libg_nano.a(lib_a-makebuf.o)
                0x0000000008004550                __swhatbuf_r
 .text.__smakebuf_r
                0x0000000008004598       0x80 /usr/local/opt/gcc-arm-none-eabi-9-2019-q4-major/bin/../lib/gcc/arm-none-eabi/9.2.1/../../../../arm-none-eabi/lib/thumb/v7e-m/nofp/libg_nano.a(lib_a-makebuf.o)
                0x0000000008004598                __smakebuf_r
 .text.__malloc_lock
                0x0000000008004618        0xc /usr/local/opt/gcc-arm-none-eabi-9-2019-q4-major/bin/../lib/gcc/arm-none-eabi/9.2.1/../../../../arm-none-eabi/lib/thumb/v7e-m/nofp/libg_nano.a(lib_a-mlock.o)
                0x0000000008004618                __malloc_lock
 .text.__malloc_unlock
                0x0000000008004624        0xc /usr/local/opt/gcc-arm-none-eabi-9-2019-q4-major/bin/../lib/gcc/arm-none-eabi/9.2.1/../../../../arm-none-eabi/lib/thumb/v7e-m/nofp/libg_nano.a(lib_a-mlock.o)
                0x0000000008004624                __malloc_unlock
 .text.__sfputc_r
                0x0000000008004630       0x2a /usr/local/opt/gcc-arm-none-eabi-9-2019-q4-major/bin/../lib/gcc/arm-none-eabi/9.2.1/../../../../arm-none-eabi/lib/thumb/v7e-m/nofp/libg_nano.a(lib_a-nano-vfprintf.o)
 .text.__sfputs_r
                0x000000000800465a       0x24 /usr/local/opt/gcc-arm-none-eabi-9-2019-q4-major/bin/../lib/gcc/arm-none-eabi/9.2.1/../../../../arm-none-eabi/lib/thumb/v7e-m/nofp/libg_nano.a(lib_a-nano-vfprintf.o)
                0x000000000800465a                __sfputs_r
 *fill*         0x000000000800467e        0x2 
 .text._vfprintf_r
                0x0000000008004680      0x260 /usr/local/opt/gcc-arm-none-eabi-9-2019-q4-major/bin/../lib/gcc/arm-none-eabi/9.2.1/../../../../arm-none-eabi/lib/thumb/v7e-m/nofp/libg_nano.a(lib_a-nano-vfprintf.o)
                0x0000000008004680                _vfiprintf_r
                0x0000000008004680                _vfprintf_r
 .text._printf_common
                0x00000000080048e0       0xda /usr/local/opt/gcc-arm-none-eabi-9-2019-q4-major/bin/../lib/gcc/arm-none-eabi/9.2.1/../../../../arm-none-eabi/lib/thumb/v7e-m/nofp/libg_nano.a(lib_a-nano-vfprintf_i.o)
                0x00000000080048e0                _printf_common
 *fill*         0x00000000080049ba        0x2 
 .text._printf_i
                0x00000000080049bc      0x24c /usr/local/opt/gcc-arm-none-eabi-9-2019-q4-major/bin/../lib/gcc/arm-none-eabi/9.2.1/../../../../arm-none-eabi/lib/thumb/v7e-m/nofp/libg_nano.a(lib_a-nano-vfprintf_i.o)
                0x00000000080049bc                _printf_i
 .text.__sread  0x0000000008004c08       0x22 /usr/local/opt/gcc-arm-none-eabi-9-2019-q4-major/bin/../lib/gcc/arm-none-eabi/9.2.1/../../../../arm-none-eabi/lib/thumb/v7e-m/nofp/libg_nano.a(lib_a-stdio.o)
                0x0000000008004c08                __sread
 .text.__swrite
                0x0000000008004c2a       0x38 /usr/local/opt/gcc-arm-none-eabi-9-2019-q4-major/bin/../lib/gcc/arm-none-eabi/9.2.1/../../../../arm-none-eabi/lib/thumb/v7e-m/nofp/libg_nano.a(lib_a-stdio.o)
                0x0000000008004c2a                __swrite
 .text.__sseek  0x0000000008004c62       0x24 /usr/local/opt/gcc-arm-none-eabi-9-2019-q4-major/bin/../lib/gcc/arm-none-eabi/9.2.1/../../../../arm-none-eabi/lib/thumb/v7e-m/nofp/libg_nano.a(lib_a-stdio.o)
                0x0000000008004c62                __sseek
 .text.__sclose
                0x0000000008004c86        0x8 /usr/local/opt/gcc-arm-none-eabi-9-2019-q4-major/bin/../lib/gcc/arm-none-eabi/9.2.1/../../../../arm-none-eabi/lib/thumb/v7e-m/nofp/libg_nano.a(lib_a-stdio.o)
                0x0000000008004c86                __sclose
 *fill*         0x0000000008004c8e        0x2 
 .text._write_r
                0x0000000008004c90       0x24 /usr/local/opt/gcc-arm-none-eabi-9-2019-q4-major/bin/../lib/gcc/arm-none-eabi/9.2.1/../../../../arm-none-eabi/lib/thumb/v7e-m/nofp/libg_nano.a(lib_a-writer.o)
                0x0000000008004c90                _write_r
 .text._close_r
                0x0000000008004cb4       0x20 /usr/local/opt/gcc-arm-none-eabi-9-2019-q4-major/bin/../lib/gcc/arm-none-eabi/9.2.1/../../../../arm-none-eabi/lib/thumb/v7e-m/nofp/libg_nano.a(lib_a-closer.o)
                0x0000000008004cb4                _close_r
 .text._fstat_r
                0x0000000008004cd4       0x24 /usr/local/opt/gcc-arm-none-eabi-9-2019-q4-major/bin/../lib/gcc/arm-none-eabi/9.2.1/../../../../arm-none-eabi/lib/thumb/v7e-m/nofp/libg_nano.a(lib_a-fstatr.o)
                0x0000000008004cd4                _fstat_r
 .text._isatty_r
                0x0000000008004cf8       0x20 /usr/local/opt/gcc-arm-none-eabi-9-2019-q4-major/bin/../lib/gcc/arm-none-eabi/9.2.1/../../../../arm-none-eabi/lib/thumb/v7e-m/nofp/libg_nano.a(lib_a-isattyr.o)
                0x0000000008004cf8                _isatty_r
 .text._lseek_r
                0x0000000008004d18       0x24 /usr/local/opt/gcc-arm-none-eabi-9-2019-q4-major/bin/../lib/gcc/arm-none-eabi/9.2.1/../../../../arm-none-eabi/lib/thumb/v7e-m/nofp/libg_nano.a(lib_a-lseekr.o)
                0x0000000008004d18                _lseek_r
 .text._read_r  0x0000000008004d3c       0x24 /usr/local/opt/gcc-arm-none-eabi-9-2019-q4-major/bin/../lib/gcc/arm-none-eabi/9.2.1/../../../../arm-none-eabi/lib/thumb/v7e-m/nofp/libg_nano.a(lib_a-readr.o)
                0x0000000008004d3c                _read_r
 *(.glue_7)
 .glue_7        0x0000000008004d60        0x0 linker stubs
 *(.glue_7t)
 .glue_7t       0x0000000008004d60        0x0 linker stubs
 *(.eh_frame)
 .eh_frame      0x0000000008004d60        0x0 /usr/local/opt/gcc-arm-none-eabi-9-2019-q4-major/bin/../lib/gcc/arm-none-eabi/9.2.1/thumb/v7e-m/nofp/crtbegin.o
 *(.init)
 .init          0x0000000008004d60        0x4 /usr/local/opt/gcc-arm-none-eabi-9-2019-q4-major/bin/../lib/gcc/arm-none-eabi/9.2.1/thumb/v7e-m/nofp/crti.o
                0x0000000008004d60                _init
 .init          0x0000000008004d64        0x8 /usr/local/opt/gcc-arm-none-eabi-9-2019-q4-major/bin/../lib/gcc/arm-none-eabi/9.2.1/thumb/v7e-m/nofp/crtn.o
 *(.fini)
 .fini          0x0000000008004d6c        0x4 /usr/local/opt/gcc-arm-none-eabi-9-2019-q4-major/bin/../lib/gcc/arm-none-eabi/9.2.1/thumb/v7e-m/nofp/crti.o
                0x0000000008004d6c                _fini
 .fini          0x0000000008004d70        0x8 /usr/local/opt/gcc-arm-none-eabi-9-2019-q4-major/bin/../lib/gcc/arm-none-eabi/9.2.1/thumb/v7e-m/nofp/crtn.o
                0x0000000008004d78                . = ALIGN (0x4)
                0x0000000008004d78                _etext = .

.vfp11_veneer   0x0000000008004d78        0x0
 .vfp11_veneer  0x0000000008004d78        0x0 linker stubs

.v4_bx          0x0000000008004d78        0x0
 .v4_bx         0x0000000008004d78        0x0 linker stubs

.iplt           0x0000000008004d78        0x0
 .iplt          0x0000000008004d78        0x0 /usr/local/opt/gcc-arm-none-eabi-9-2019-q4-major/bin/../lib/gcc/arm-none-eabi/9.2.1/thumb/v7e-m/nofp/crtbegin.o

.rodata         0x0000000008004d78      0x680
                0x0000000008004d78                . = ALIGN (0x4)
 *(.rodata)
 .rodata        0x0000000008004d78       0x87 CMakeFiles/Firmware.elf.dir/Core/Src/main.c.obj
 *fill*         0x0000000008004dff        0x1 
 .rodata        0x0000000008004e00      0x356 CMakeFiles/Firmware.elf.dir/Core/User/GUI/GUI_Paint.c.obj
 *fill*         0x0000000008005156        0x2 
 .rodata        0x0000000008005158       0x35 CMakeFiles/Firmware.elf.dir/Core/User/e-Paper/EPD_4in2.c.obj
 *(.rodata*)
 *fill*         0x000000000800518d        0x3 
 .rodata.AHBPrescTable
                0x0000000008005190       0x10 CMakeFiles/Firmware.elf.dir/Core/Src/system_stm32f4xx.c.obj
                0x0000000008005190                AHBPrescTable
 .rodata.APBPrescTable
                0x00000000080051a0        0x8 CMakeFiles/Firmware.elf.dir/Core/Src/system_stm32f4xx.c.obj
                0x00000000080051a0                APBPrescTable
 .rodata.EPD_4IN2_lut_vcom0
                0x00000000080051a8       0x2c CMakeFiles/Firmware.elf.dir/Core/User/e-Paper/EPD_4in2.c.obj
 .rodata.EPD_4IN2_lut_ww
                0x00000000080051d4       0x2a CMakeFiles/Firmware.elf.dir/Core/User/e-Paper/EPD_4in2.c.obj
 *fill*         0x00000000080051fe        0x2 
 .rodata.EPD_4IN2_lut_bw
                0x0000000008005200       0x2a CMakeFiles/Firmware.elf.dir/Core/User/e-Paper/EPD_4in2.c.obj
 *fill*         0x000000000800522a        0x2 
 .rodata.EPD_4IN2_lut_wb
                0x000000000800522c       0x2a CMakeFiles/Firmware.elf.dir/Core/User/e-Paper/EPD_4in2.c.obj
 *fill*         0x0000000008005256        0x2 
 .rodata.EPD_4IN2_lut_bb
                0x0000000008005258       0x2a CMakeFiles/Firmware.elf.dir/Core/User/e-Paper/EPD_4in2.c.obj
 *fill*         0x0000000008005282        0x2 
 .rodata.EPD_4IN2_Partial_lut_vcom1
                0x0000000008005284       0x2c CMakeFiles/Firmware.elf.dir/Core/User/e-Paper/EPD_4in2.c.obj
                0x0000000008005284                EPD_4IN2_Partial_lut_vcom1
 .rodata.EPD_4IN2_Partial_lut_ww1
                0x00000000080052b0       0x2a CMakeFiles/Firmware.elf.dir/Core/User/e-Paper/EPD_4in2.c.obj
                0x00000000080052b0                EPD_4IN2_Partial_lut_ww1
 *fill*         0x00000000080052da        0x2 
 .rodata.EPD_4IN2_Partial_lut_bw1
                0x00000000080052dc       0x2a CMakeFiles/Firmware.elf.dir/Core/User/e-Paper/EPD_4in2.c.obj
                0x00000000080052dc                EPD_4IN2_Partial_lut_bw1
 *fill*         0x0000000008005306        0x2 
 .rodata.EPD_4IN2_Partial_lut_wb1
                0x0000000008005308       0x2a CMakeFiles/Firmware.elf.dir/Core/User/e-Paper/EPD_4in2.c.obj
                0x0000000008005308                EPD_4IN2_Partial_lut_wb1
 *fill*         0x0000000008005332        0x2 
 .rodata.EPD_4IN2_Partial_lut_bb1
                0x0000000008005334       0x2a CMakeFiles/Firmware.elf.dir/Core/User/e-Paper/EPD_4in2.c.obj
                0x0000000008005334                EPD_4IN2_Partial_lut_bb1
 *fill*         0x000000000800535e        0x2 
 .rodata._global_impure_ptr
                0x0000000008005360        0x4 /usr/local/opt/gcc-arm-none-eabi-9-2019-q4-major/bin/../lib/gcc/arm-none-eabi/9.2.1/../../../../arm-none-eabi/lib/thumb/v7e-m/nofp/libg_nano.a(lib_a-impure.o)
                0x0000000008005360                _global_impure_ptr
 .rodata.__sf_fake_stderr
                0x0000000008005364       0x20 /usr/local/opt/gcc-arm-none-eabi-9-2019-q4-major/bin/../lib/gcc/arm-none-eabi/9.2.1/../../../../arm-none-eabi/lib/thumb/v7e-m/nofp/libg_nano.a(lib_a-findfp.o)
                0x0000000008005364                __sf_fake_stderr
 .rodata.__sf_fake_stdin
                0x0000000008005384       0x20 /usr/local/opt/gcc-arm-none-eabi-9-2019-q4-major/bin/../lib/gcc/arm-none-eabi/9.2.1/../../../../arm-none-eabi/lib/thumb/v7e-m/nofp/libg_nano.a(lib_a-findfp.o)
                0x0000000008005384                __sf_fake_stdin
 .rodata.__sf_fake_stdout
                0x00000000080053a4       0x20 /usr/local/opt/gcc-arm-none-eabi-9-2019-q4-major/bin/../lib/gcc/arm-none-eabi/9.2.1/../../../../arm-none-eabi/lib/thumb/v7e-m/nofp/libg_nano.a(lib_a-findfp.o)
                0x00000000080053a4                __sf_fake_stdout
 .rodata._vfprintf_r.str1.1
                0x00000000080053c4       0x11 /usr/local/opt/gcc-arm-none-eabi-9-2019-q4-major/bin/../lib/gcc/arm-none-eabi/9.2.1/../../../../arm-none-eabi/lib/thumb/v7e-m/nofp/libg_nano.a(lib_a-nano-vfprintf.o)
 .rodata._printf_i.str1.1
                0x00000000080053d5       0x22 /usr/local/opt/gcc-arm-none-eabi-9-2019-q4-major/bin/../lib/gcc/arm-none-eabi/9.2.1/../../../../arm-none-eabi/lib/thumb/v7e-m/nofp/libg_nano.a(lib_a-nano-vfprintf_i.o)
                0x00000000080053f8                . = ALIGN (0x4)
 *fill*         0x00000000080053f7        0x1 

.ARM.extab
 *(.ARM.extab* .gnu.linkonce.armextab.*)

.ARM            0x00000000080053f8        0x8
                0x00000000080053f8                __exidx_start = .
 *(.ARM.exidx*)
 .ARM.exidx     0x00000000080053f8        0x8 /usr/local/opt/gcc-arm-none-eabi-9-2019-q4-major/bin/../lib/gcc/arm-none-eabi/9.2.1/thumb/v7e-m/nofp/libgcc.a(_udivmoddi4.o)
                0x0000000008005400                __exidx_end = .

.rel.dyn        0x0000000008005400        0x0
 .rel.iplt      0x0000000008005400        0x0 /usr/local/opt/gcc-arm-none-eabi-9-2019-q4-major/bin/../lib/gcc/arm-none-eabi/9.2.1/thumb/v7e-m/nofp/crtbegin.o

.preinit_array  0x0000000008005400        0x0
                0x0000000008005400                PROVIDE (__preinit_array_start = .)
 *(.preinit_array*)
                0x0000000008005400                PROVIDE (__preinit_array_end = .)

.init_array     0x0000000008005400        0x4
                0x0000000008005400                PROVIDE (__init_array_start = .)
 *(SORT_BY_NAME(.init_array.*))
 *(.init_array*)
 .init_array    0x0000000008005400        0x4 /usr/local/opt/gcc-arm-none-eabi-9-2019-q4-major/bin/../lib/gcc/arm-none-eabi/9.2.1/thumb/v7e-m/nofp/crtbegin.o
                0x0000000008005404                PROVIDE (__init_array_end = .)

.fini_array     0x0000000008005404        0x4
                [!provide]                        PROVIDE (__fini_array_start = .)
 *(SORT_BY_NAME(.fini_array.*))
 *(.fini_array*)
 .fini_array    0x0000000008005404        0x4 /usr/local/opt/gcc-arm-none-eabi-9-2019-q4-major/bin/../lib/gcc/arm-none-eabi/9.2.1/thumb/v7e-m/nofp/crtbegin.o
                [!provide]                        PROVIDE (__fini_array_end = .)
                0x0000000008005408                _sidata = LOADADDR (.data)

.data           0x0000000020000000       0x70 load address 0x0000000008005408
                0x0000000020000000                . = ALIGN (0x4)
                0x0000000020000000                _sdata = .
 *(.data)
 *(.data*)
 .data.SystemCoreClock
                0x0000000020000000        0x4 CMakeFiles/Firmware.elf.dir/Core/Src/system_stm32f4xx.c.obj
                0x0000000020000000                SystemCoreClock
 .data.uwTickPrio
                0x0000000020000004        0x4 CMakeFiles/Firmware.elf.dir/Drivers/STM32F4xx_HAL_Driver/Src/stm32f4xx_hal.c.obj
                0x0000000020000004                uwTickPrio
 .data.uwTickFreq
                0x0000000020000008        0x1 CMakeFiles/Firmware.elf.dir/Drivers/STM32F4xx_HAL_Driver/Src/stm32f4xx_hal.c.obj
                0x0000000020000008                uwTickFreq
 *fill*         0x0000000020000009        0x3 
 .data._impure_ptr
                0x000000002000000c        0x4 /usr/local/opt/gcc-arm-none-eabi-9-2019-q4-major/bin/../lib/gcc/arm-none-eabi/9.2.1/../../../../arm-none-eabi/lib/thumb/v7e-m/nofp/libg_nano.a(lib_a-impure.o)
                0x000000002000000c                _impure_ptr
 .data.impure_data
                0x0000000020000010       0x60 /usr/local/opt/gcc-arm-none-eabi-9-2019-q4-major/bin/../lib/gcc/arm-none-eabi/9.2.1/../../../../arm-none-eabi/lib/thumb/v7e-m/nofp/libg_nano.a(lib_a-impure.o)
                0x0000000020000070                . = ALIGN (0x4)
                0x0000000020000070                _edata = .

.igot.plt       0x0000000020000070        0x0 load address 0x0000000008005478
 .igot.plt      0x0000000020000070        0x0 /usr/local/opt/gcc-arm-none-eabi-9-2019-q4-major/bin/../lib/gcc/arm-none-eabi/9.2.1/thumb/v7e-m/nofp/crtbegin.o
                0x0000000020000070                . = ALIGN (0x4)

.bss            0x0000000020000070      0x130 load address 0x0000000008005478
                0x0000000020000070                _sbss = .
                0x0000000020000070                __bss_start__ = _sbss
 *(.bss)
 .bss           0x0000000020000070       0x1c /usr/local/opt/gcc-arm-none-eabi-9-2019-q4-major/bin/../lib/gcc/arm-none-eabi/9.2.1/thumb/v7e-m/nofp/crtbegin.o
 *(.bss*)
 .bss.hspi1     0x000000002000008c       0x58 CMakeFiles/Firmware.elf.dir/Core/Src/main.c.obj
                0x000000002000008c                hspi1
 .bss.htim1     0x00000000200000e4       0x40 CMakeFiles/Firmware.elf.dir/Core/Src/main.c.obj
                0x00000000200000e4                htim1
 .bss.huart2    0x0000000020000124       0x40 CMakeFiles/Firmware.elf.dir/Core/Src/main.c.obj
                0x0000000020000124                huart2
 .bss.imageCache
                0x0000000020000164        0x4 CMakeFiles/Firmware.elf.dir/Core/Src/main.c.obj
                0x0000000020000164                imageCache
 .bss.heap_end.6018
                0x0000000020000168        0x4 CMakeFiles/Firmware.elf.dir/Core/Src/syscalls.c.obj
 .bss.Paint     0x000000002000016c       0x18 CMakeFiles/Firmware.elf.dir/Core/User/GUI/GUI_Paint.c.obj
                0x000000002000016c                Paint
 .bss.uwTick    0x0000000020000184        0x4 CMakeFiles/Firmware.elf.dir/Drivers/STM32F4xx_HAL_Driver/Src/stm32f4xx_hal.c.obj
                0x0000000020000184                uwTick
 .bss.__malloc_free_list
                0x0000000020000188        0x4 /usr/local/opt/gcc-arm-none-eabi-9-2019-q4-major/bin/../lib/gcc/arm-none-eabi/9.2.1/../../../../arm-none-eabi/lib/thumb/v7e-m/nofp/libg_nano.a(lib_a-nano-mallocr.o)
                0x0000000020000188                __malloc_free_list
 .bss.__malloc_sbrk_start
                0x000000002000018c        0x4 /usr/local/opt/gcc-arm-none-eabi-9-2019-q4-major/bin/../lib/gcc/arm-none-eabi/9.2.1/../../../../arm-none-eabi/lib/thumb/v7e-m/nofp/libg_nano.a(lib_a-nano-mallocr.o)
                0x000000002000018c                __malloc_sbrk_start
 *(COMMON)
 COMMON         0x0000000020000190        0x9 /usr/local/opt/gcc-arm-none-eabi-9-2019-q4-major/bin/../lib/gcc/arm-none-eabi/9.2.1/../../../../arm-none-eabi/lib/thumb/v7e-m/nofp/libg_nano.a(lib_a-lock.o)
                0x0000000020000190                __lock___atexit_recursive_mutex
                0x0000000020000191                __lock___arc4random_mutex
                0x0000000020000192                __lock___env_recursive_mutex
                0x0000000020000193                __lock___sinit_recursive_mutex
                0x0000000020000194                __lock___malloc_recursive_mutex
                0x0000000020000195                __lock___at_quick_exit_mutex
                0x0000000020000196                __lock___dd_hash_mutex
                0x0000000020000197                __lock___tz_mutex
                0x0000000020000198                __lock___sfp_recursive_mutex
 *fill*         0x0000000020000199        0x3 
 COMMON         0x000000002000019c        0x4 /usr/local/opt/gcc-arm-none-eabi-9-2019-q4-major/bin/../lib/gcc/arm-none-eabi/9.2.1/../../../../arm-none-eabi/lib/thumb/v7e-m/nofp/libg_nano.a(lib_a-reent.o)
                0x000000002000019c                errno
                0x00000000200001a0                . = ALIGN (0x4)
                0x00000000200001a0                _ebss = .
                0x00000000200001a0                __bss_end__ = _ebss

._user_heap_stack
                0x00000000200001a0      0x600 load address 0x0000000008005478
                0x00000000200001a0                . = ALIGN (0x8)
                0x00000000200001a0                PROVIDE (end = .)
                [!provide]                        PROVIDE (_end = .)
                0x00000000200003a0                . = (. + _Min_Heap_Size)
 *fill*         0x00000000200001a0      0x200 
                0x00000000200007a0                . = (. + _Min_Stack_Size)
 *fill*         0x00000000200003a0      0x400 
                0x00000000200007a0                . = ALIGN (0x8)

/DISCARD/
 libc.a(*)
 libm.a(*)
 libgcc.a(*)

.ARM.attributes
                0x0000000000000000       0x2a
 *(.ARM.attributes)
 .ARM.attributes
                0x0000000000000000       0x1e /usr/local/opt/gcc-arm-none-eabi-9-2019-q4-major/bin/../lib/gcc/arm-none-eabi/9.2.1/thumb/v7e-m/nofp/crti.o
 .ARM.attributes
                0x000000000000001e       0x2e /usr/local/opt/gcc-arm-none-eabi-9-2019-q4-major/bin/../lib/gcc/arm-none-eabi/9.2.1/thumb/v7e-m/nofp/crtbegin.o
 .ARM.attributes
                0x000000000000004c       0x2e CMakeFiles/Firmware.elf.dir/Core/Src/main.c.obj
 .ARM.attributes
                0x000000000000007a       0x2e CMakeFiles/Firmware.elf.dir/Core/Src/stm32f4xx_hal_msp.c.obj
 .ARM.attributes
                0x00000000000000a8       0x2e CMakeFiles/Firmware.elf.dir/Core/Src/stm32f4xx_it.c.obj
 .ARM.attributes
                0x00000000000000d6       0x2e CMakeFiles/Firmware.elf.dir/Core/Src/syscalls.c.obj
 .ARM.attributes
                0x0000000000000104       0x2e CMakeFiles/Firmware.elf.dir/Core/Src/system_stm32f4xx.c.obj
 .ARM.attributes
                0x0000000000000132       0x2e CMakeFiles/Firmware.elf.dir/Core/User/Config/DEV_Config.c.obj
 .ARM.attributes
                0x0000000000000160       0x2e CMakeFiles/Firmware.elf.dir/Core/User/GUI/GUI_Paint.c.obj
 .ARM.attributes
                0x000000000000018e       0x2e CMakeFiles/Firmware.elf.dir/Core/User/e-Paper/EPD_4in2.c.obj
 .ARM.attributes
                0x00000000000001bc       0x2e CMakeFiles/Firmware.elf.dir/Drivers/STM32F4xx_HAL_Driver/Src/stm32f4xx_hal.c.obj
 .ARM.attributes
                0x00000000000001ea       0x2e CMakeFiles/Firmware.elf.dir/Drivers/STM32F4xx_HAL_Driver/Src/stm32f4xx_hal_cortex.c.obj
 .ARM.attributes
                0x0000000000000218       0x2e CMakeFiles/Firmware.elf.dir/Drivers/STM32F4xx_HAL_Driver/Src/stm32f4xx_hal_gpio.c.obj
 .ARM.attributes
                0x0000000000000246       0x2e CMakeFiles/Firmware.elf.dir/Drivers/STM32F4xx_HAL_Driver/Src/stm32f4xx_hal_rcc.c.obj
 .ARM.attributes
                0x0000000000000274       0x2e CMakeFiles/Firmware.elf.dir/Drivers/STM32F4xx_HAL_Driver/Src/stm32f4xx_hal_spi.c.obj
 .ARM.attributes
                0x00000000000002a2       0x2e CMakeFiles/Firmware.elf.dir/Drivers/STM32F4xx_HAL_Driver/Src/stm32f4xx_hal_tim.c.obj
 .ARM.attributes
                0x00000000000002d0       0x2e CMakeFiles/Firmware.elf.dir/Drivers/STM32F4xx_HAL_Driver/Src/stm32f4xx_hal_tim_ex.c.obj
 .ARM.attributes
                0x00000000000002fe       0x2e CMakeFiles/Firmware.elf.dir/Drivers/STM32F4xx_HAL_Driver/Src/stm32f4xx_hal_uart.c.obj
 .ARM.attributes
                0x000000000000032c       0x21 CMakeFiles/Firmware.elf.dir/startup/startup_stm32f401xe.s.obj
 .ARM.attributes
                0x000000000000034d       0x1e /usr/local/opt/gcc-arm-none-eabi-9-2019-q4-major/bin/../lib/gcc/arm-none-eabi/9.2.1/thumb/v7e-m/nofp/libgcc.a(_aeabi_uldivmod.o)
 .ARM.attributes
                0x000000000000036b       0x2e /usr/local/opt/gcc-arm-none-eabi-9-2019-q4-major/bin/../lib/gcc/arm-none-eabi/9.2.1/thumb/v7e-m/nofp/libgcc.a(_udivmoddi4.o)
 .ARM.attributes
                0x0000000000000399       0x1e /usr/local/opt/gcc-arm-none-eabi-9-2019-q4-major/bin/../lib/gcc/arm-none-eabi/9.2.1/thumb/v7e-m/nofp/libgcc.a(_dvmd_tls.o)
 .ARM.attributes
                0x00000000000003b7       0x2e /usr/local/opt/gcc-arm-none-eabi-9-2019-q4-major/bin/../lib/gcc/arm-none-eabi/9.2.1/../../../../arm-none-eabi/lib/thumb/v7e-m/nofp/libg_nano.a(lib_a-errno.o)
 .ARM.attributes
                0x00000000000003e5       0x2e /usr/local/opt/gcc-arm-none-eabi-9-2019-q4-major/bin/../lib/gcc/arm-none-eabi/9.2.1/../../../../arm-none-eabi/lib/thumb/v7e-m/nofp/libg_nano.a(lib_a-impure.o)
 .ARM.attributes
                0x0000000000000413       0x2e /usr/local/opt/gcc-arm-none-eabi-9-2019-q4-major/bin/../lib/gcc/arm-none-eabi/9.2.1/../../../../arm-none-eabi/lib/thumb/v7e-m/nofp/libg_nano.a(lib_a-init.o)
 .ARM.attributes
                0x0000000000000441       0x2e /usr/local/opt/gcc-arm-none-eabi-9-2019-q4-major/bin/../lib/gcc/arm-none-eabi/9.2.1/../../../../arm-none-eabi/lib/thumb/v7e-m/nofp/libg_nano.a(lib_a-malloc.o)
 .ARM.attributes
                0x000000000000046f       0x2e /usr/local/opt/gcc-arm-none-eabi-9-2019-q4-major/bin/../lib/gcc/arm-none-eabi/9.2.1/../../../../arm-none-eabi/lib/thumb/v7e-m/nofp/libg_nano.a(lib_a-memset.o)
 .ARM.attributes
                0x000000000000049d       0x2e /usr/local/opt/gcc-arm-none-eabi-9-2019-q4-major/bin/../lib/gcc/arm-none-eabi/9.2.1/../../../../arm-none-eabi/lib/thumb/v7e-m/nofp/libg_nano.a(lib_a-nano-freer.o)
 .ARM.attributes
                0x00000000000004cb       0x2e /usr/local/opt/gcc-arm-none-eabi-9-2019-q4-major/bin/../lib/gcc/arm-none-eabi/9.2.1/../../../../arm-none-eabi/lib/thumb/v7e-m/nofp/libg_nano.a(lib_a-nano-mallocr.o)
 .ARM.attributes
                0x00000000000004f9       0x2e /usr/local/opt/gcc-arm-none-eabi-9-2019-q4-major/bin/../lib/gcc/arm-none-eabi/9.2.1/../../../../arm-none-eabi/lib/thumb/v7e-m/nofp/libg_nano.a(lib_a-printf.o)
 .ARM.attributes
                0x0000000000000527       0x2e /usr/local/opt/gcc-arm-none-eabi-9-2019-q4-major/bin/../lib/gcc/arm-none-eabi/9.2.1/../../../../arm-none-eabi/lib/thumb/v7e-m/nofp/libg_nano.a(lib_a-puts.o)
 .ARM.attributes
                0x0000000000000555       0x2e /usr/local/opt/gcc-arm-none-eabi-9-2019-q4-major/bin/../lib/gcc/arm-none-eabi/9.2.1/../../../../arm-none-eabi/lib/thumb/v7e-m/nofp/libg_nano.a(lib_a-sbrkr.o)
 .ARM.attributes
                0x0000000000000583       0x2e /usr/local/opt/gcc-arm-none-eabi-9-2019-q4-major/bin/../lib/gcc/arm-none-eabi/9.2.1/../../../../arm-none-eabi/lib/thumb/v7e-m/nofp/libg_nano.a(lib_a-wbuf.o)
 .ARM.attributes
                0x00000000000005b1       0x2e /usr/local/opt/gcc-arm-none-eabi-9-2019-q4-major/bin/../lib/gcc/arm-none-eabi/9.2.1/../../../../arm-none-eabi/lib/thumb/v7e-m/nofp/libg_nano.a(lib_a-wsetup.o)
 .ARM.attributes
                0x00000000000005df       0x2e /usr/local/opt/gcc-arm-none-eabi-9-2019-q4-major/bin/../lib/gcc/arm-none-eabi/9.2.1/../../../../arm-none-eabi/lib/thumb/v7e-m/nofp/libg_nano.a(lib_a-fflush.o)
 .ARM.attributes
                0x000000000000060d       0x2e /usr/local/opt/gcc-arm-none-eabi-9-2019-q4-major/bin/../lib/gcc/arm-none-eabi/9.2.1/../../../../arm-none-eabi/lib/thumb/v7e-m/nofp/libg_nano.a(lib_a-findfp.o)
 .ARM.attributes
                0x000000000000063b       0x2e /usr/local/opt/gcc-arm-none-eabi-9-2019-q4-major/bin/../lib/gcc/arm-none-eabi/9.2.1/../../../../arm-none-eabi/lib/thumb/v7e-m/nofp/libg_nano.a(lib_a-fwalk.o)
 .ARM.attributes
                0x0000000000000669       0x2e /usr/local/opt/gcc-arm-none-eabi-9-2019-q4-major/bin/../lib/gcc/arm-none-eabi/9.2.1/../../../../arm-none-eabi/lib/thumb/v7e-m/nofp/libg_nano.a(lib_a-lock.o)
 .ARM.attributes
                0x0000000000000697       0x2e /usr/local/opt/gcc-arm-none-eabi-9-2019-q4-major/bin/../lib/gcc/arm-none-eabi/9.2.1/../../../../arm-none-eabi/lib/thumb/v7e-m/nofp/libg_nano.a(lib_a-makebuf.o)
 .ARM.attributes
                0x00000000000006c5       0x2e /usr/local/opt/gcc-arm-none-eabi-9-2019-q4-major/bin/../lib/gcc/arm-none-eabi/9.2.1/../../../../arm-none-eabi/lib/thumb/v7e-m/nofp/libg_nano.a(lib_a-mlock.o)
 .ARM.attributes
                0x00000000000006f3       0x2e /usr/local/opt/gcc-arm-none-eabi-9-2019-q4-major/bin/../lib/gcc/arm-none-eabi/9.2.1/../../../../arm-none-eabi/lib/thumb/v7e-m/nofp/libg_nano.a(lib_a-nano-vfprintf.o)
 .ARM.attributes
                0x0000000000000721       0x2e /usr/local/opt/gcc-arm-none-eabi-9-2019-q4-major/bin/../lib/gcc/arm-none-eabi/9.2.1/../../../../arm-none-eabi/lib/thumb/v7e-m/nofp/libg_nano.a(lib_a-nano-vfprintf_i.o)
 .ARM.attributes
                0x000000000000074f       0x2e /usr/local/opt/gcc-arm-none-eabi-9-2019-q4-major/bin/../lib/gcc/arm-none-eabi/9.2.1/../../../../arm-none-eabi/lib/thumb/v7e-m/nofp/libg_nano.a(lib_a-reent.o)
 .ARM.attributes
                0x000000000000077d       0x2e /usr/local/opt/gcc-arm-none-eabi-9-2019-q4-major/bin/../lib/gcc/arm-none-eabi/9.2.1/../../../../arm-none-eabi/lib/thumb/v7e-m/nofp/libg_nano.a(lib_a-stdio.o)
 .ARM.attributes
                0x00000000000007ab       0x2e /usr/local/opt/gcc-arm-none-eabi-9-2019-q4-major/bin/../lib/gcc/arm-none-eabi/9.2.1/../../../../arm-none-eabi/lib/thumb/v7e-m/nofp/libg_nano.a(lib_a-writer.o)
 .ARM.attributes
                0x00000000000007d9       0x2e /usr/local/opt/gcc-arm-none-eabi-9-2019-q4-major/bin/../lib/gcc/arm-none-eabi/9.2.1/../../../../arm-none-eabi/lib/thumb/v7e-m/nofp/libg_nano.a(lib_a-closer.o)
 .ARM.attributes
                0x0000000000000807       0x2e /usr/local/opt/gcc-arm-none-eabi-9-2019-q4-major/bin/../lib/gcc/arm-none-eabi/9.2.1/../../../../arm-none-eabi/lib/thumb/v7e-m/nofp/libg_nano.a(lib_a-fstatr.o)
 .ARM.attributes
                0x0000000000000835       0x2e /usr/local/opt/gcc-arm-none-eabi-9-2019-q4-major/bin/../lib/gcc/arm-none-eabi/9.2.1/../../../../arm-none-eabi/lib/thumb/v7e-m/nofp/libg_nano.a(lib_a-isattyr.o)
 .ARM.attributes
                0x0000000000000863       0x2e /usr/local/opt/gcc-arm-none-eabi-9-2019-q4-major/bin/../lib/gcc/arm-none-eabi/9.2.1/../../../../arm-none-eabi/lib/thumb/v7e-m/nofp/libg_nano.a(lib_a-lseekr.o)
 .ARM.attributes
                0x0000000000000891       0x1c /usr/local/opt/gcc-arm-none-eabi-9-2019-q4-major/bin/../lib/gcc/arm-none-eabi/9.2.1/../../../../arm-none-eabi/lib/thumb/v7e-m/nofp/libg_nano.a(lib_a-memchr.o)
 .ARM.attributes
                0x00000000000008ad       0x2e /usr/local/opt/gcc-arm-none-eabi-9-2019-q4-major/bin/../lib/gcc/arm-none-eabi/9.2.1/../../../../arm-none-eabi/lib/thumb/v7e-m/nofp/libg_nano.a(lib_a-readr.o)
 .ARM.attributes
                0x00000000000008db       0x1e /usr/local/opt/gcc-arm-none-eabi-9-2019-q4-major/bin/../lib/gcc/arm-none-eabi/9.2.1/thumb/v7e-m/nofp/crtn.o
OUTPUT(Firmware.elf elf32-littlearm)

.debug_info     0x0000000000000000    0x10561
 .debug_info    0x0000000000000000     0x206a CMakeFiles/Firmware.elf.dir/Core/Src/main.c.obj
 .debug_info    0x000000000000206a     0x11d4 CMakeFiles/Firmware.elf.dir/Core/Src/stm32f4xx_hal_msp.c.obj
 .debug_info    0x000000000000323e      0x747 CMakeFiles/Firmware.elf.dir/Core/Src/stm32f4xx_it.c.obj
 .debug_info    0x0000000000003985     0x100f CMakeFiles/Firmware.elf.dir/Core/Src/syscalls.c.obj
 .debug_info    0x0000000000004994      0x5c5 CMakeFiles/Firmware.elf.dir/Core/Src/system_stm32f4xx.c.obj
 .debug_info    0x0000000000004f59      0x7ac CMakeFiles/Firmware.elf.dir/Core/User/Config/DEV_Config.c.obj
 .debug_info    0x0000000000005705     0x19af CMakeFiles/Firmware.elf.dir/Core/User/GUI/GUI_Paint.c.obj
 .debug_info    0x00000000000070b4      0x773 CMakeFiles/Firmware.elf.dir/Core/User/e-Paper/EPD_4in2.c.obj
 .debug_info    0x0000000000007827      0x932 CMakeFiles/Firmware.elf.dir/Drivers/STM32F4xx_HAL_Driver/Src/stm32f4xx_hal.c.obj
 .debug_info    0x0000000000008159      0xe36 CMakeFiles/Firmware.elf.dir/Drivers/STM32F4xx_HAL_Driver/Src/stm32f4xx_hal_cortex.c.obj
 .debug_info    0x0000000000008f8f      0x847 CMakeFiles/Firmware.elf.dir/Drivers/STM32F4xx_HAL_Driver/Src/stm32f4xx_hal_gpio.c.obj
 .debug_info    0x00000000000097d6      0x9b2 CMakeFiles/Firmware.elf.dir/Drivers/STM32F4xx_HAL_Driver/Src/stm32f4xx_hal_rcc.c.obj
 .debug_info    0x000000000000a188     0x176d CMakeFiles/Firmware.elf.dir/Drivers/STM32F4xx_HAL_Driver/Src/stm32f4xx_hal_spi.c.obj
 .debug_info    0x000000000000b8f5     0x26ba CMakeFiles/Firmware.elf.dir/Drivers/STM32F4xx_HAL_Driver/Src/stm32f4xx_hal_tim.c.obj
 .debug_info    0x000000000000dfaf     0x124c CMakeFiles/Firmware.elf.dir/Drivers/STM32F4xx_HAL_Driver/Src/stm32f4xx_hal_tim_ex.c.obj
 .debug_info    0x000000000000f1fb     0x1344 CMakeFiles/Firmware.elf.dir/Drivers/STM32F4xx_HAL_Driver/Src/stm32f4xx_hal_uart.c.obj
 .debug_info    0x000000000001053f       0x22 CMakeFiles/Firmware.elf.dir/startup/startup_stm32f401xe.s.obj

.debug_abbrev   0x0000000000000000     0x24df
 .debug_abbrev  0x0000000000000000      0x35a CMakeFiles/Firmware.elf.dir/Core/Src/main.c.obj
 .debug_abbrev  0x000000000000035a      0x1f2 CMakeFiles/Firmware.elf.dir/Core/Src/stm32f4xx_hal_msp.c.obj
 .debug_abbrev  0x000000000000054c      0x184 CMakeFiles/Firmware.elf.dir/Core/Src/stm32f4xx_it.c.obj
 .debug_abbrev  0x00000000000006d0      0x2a9 CMakeFiles/Firmware.elf.dir/Core/Src/syscalls.c.obj
 .debug_abbrev  0x0000000000000979      0x142 CMakeFiles/Firmware.elf.dir/Core/Src/system_stm32f4xx.c.obj
 .debug_abbrev  0x0000000000000abb      0x19e CMakeFiles/Firmware.elf.dir/Core/User/Config/DEV_Config.c.obj
 .debug_abbrev  0x0000000000000c59      0x2e3 CMakeFiles/Firmware.elf.dir/Core/User/GUI/GUI_Paint.c.obj
 .debug_abbrev  0x0000000000000f3c      0x22e CMakeFiles/Firmware.elf.dir/Core/User/e-Paper/EPD_4in2.c.obj
 .debug_abbrev  0x000000000000116a      0x21b CMakeFiles/Firmware.elf.dir/Drivers/STM32F4xx_HAL_Driver/Src/stm32f4xx_hal.c.obj
 .debug_abbrev  0x0000000000001385      0x339 CMakeFiles/Firmware.elf.dir/Drivers/STM32F4xx_HAL_Driver/Src/stm32f4xx_hal_cortex.c.obj
 .debug_abbrev  0x00000000000016be      0x1ee CMakeFiles/Firmware.elf.dir/Drivers/STM32F4xx_HAL_Driver/Src/stm32f4xx_hal_gpio.c.obj
 .debug_abbrev  0x00000000000018ac      0x272 CMakeFiles/Firmware.elf.dir/Drivers/STM32F4xx_HAL_Driver/Src/stm32f4xx_hal_rcc.c.obj
 .debug_abbrev  0x0000000000001b1e      0x26b CMakeFiles/Firmware.elf.dir/Drivers/STM32F4xx_HAL_Driver/Src/stm32f4xx_hal_spi.c.obj
 .debug_abbrev  0x0000000000001d89      0x26c CMakeFiles/Firmware.elf.dir/Drivers/STM32F4xx_HAL_Driver/Src/stm32f4xx_hal_tim.c.obj
 .debug_abbrev  0x0000000000001ff5      0x25a CMakeFiles/Firmware.elf.dir/Drivers/STM32F4xx_HAL_Driver/Src/stm32f4xx_hal_tim_ex.c.obj
 .debug_abbrev  0x000000000000224f      0x27e CMakeFiles/Firmware.elf.dir/Drivers/STM32F4xx_HAL_Driver/Src/stm32f4xx_hal_uart.c.obj
 .debug_abbrev  0x00000000000024cd       0x12 CMakeFiles/Firmware.elf.dir/startup/startup_stm32f401xe.s.obj

.debug_aranges  0x0000000000000000      0xf08
 .debug_aranges
                0x0000000000000000       0x60 CMakeFiles/Firmware.elf.dir/Core/Src/main.c.obj
 .debug_aranges
                0x0000000000000060       0x50 CMakeFiles/Firmware.elf.dir/Core/Src/stm32f4xx_hal_msp.c.obj
 .debug_aranges
                0x00000000000000b0       0x68 CMakeFiles/Firmware.elf.dir/Core/Src/stm32f4xx_it.c.obj
 .debug_aranges
                0x0000000000000118       0xb0 CMakeFiles/Firmware.elf.dir/Core/Src/syscalls.c.obj
 .debug_aranges
                0x00000000000001c8       0x28 CMakeFiles/Firmware.elf.dir/Core/Src/system_stm32f4xx.c.obj
 .debug_aranges
                0x00000000000001f0       0x30 CMakeFiles/Firmware.elf.dir/Core/User/Config/DEV_Config.c.obj
 .debug_aranges
                0x0000000000000220       0xb0 CMakeFiles/Firmware.elf.dir/Core/User/GUI/GUI_Paint.c.obj
 .debug_aranges
                0x00000000000002d0       0x90 CMakeFiles/Firmware.elf.dir/Core/User/e-Paper/EPD_4in2.c.obj
 .debug_aranges
                0x0000000000000360       0xf0 CMakeFiles/Firmware.elf.dir/Drivers/STM32F4xx_HAL_Driver/Src/stm32f4xx_hal.c.obj
 .debug_aranges
                0x0000000000000450      0x118 CMakeFiles/Firmware.elf.dir/Drivers/STM32F4xx_HAL_Driver/Src/stm32f4xx_hal_cortex.c.obj
 .debug_aranges
                0x0000000000000568       0x58 CMakeFiles/Firmware.elf.dir/Drivers/STM32F4xx_HAL_Driver/Src/stm32f4xx_hal_gpio.c.obj
 .debug_aranges
                0x00000000000005c0       0x88 CMakeFiles/Firmware.elf.dir/Drivers/STM32F4xx_HAL_Driver/Src/stm32f4xx_hal_rcc.c.obj
 .debug_aranges
                0x0000000000000648      0x1d0 CMakeFiles/Firmware.elf.dir/Drivers/STM32F4xx_HAL_Driver/Src/stm32f4xx_hal_spi.c.obj
 .debug_aranges
                0x0000000000000818      0x3a8 CMakeFiles/Firmware.elf.dir/Drivers/STM32F4xx_HAL_Driver/Src/stm32f4xx_hal_tim.c.obj
 .debug_aranges
                0x0000000000000bc0      0x150 CMakeFiles/Firmware.elf.dir/Drivers/STM32F4xx_HAL_Driver/Src/stm32f4xx_hal_tim_ex.c.obj
 .debug_aranges
                0x0000000000000d10      0x1d0 CMakeFiles/Firmware.elf.dir/Drivers/STM32F4xx_HAL_Driver/Src/stm32f4xx_hal_uart.c.obj
 .debug_aranges
                0x0000000000000ee0       0x28 CMakeFiles/Firmware.elf.dir/startup/startup_stm32f401xe.s.obj

.debug_ranges   0x0000000000000000      0xe00
 .debug_ranges  0x0000000000000000       0x50 CMakeFiles/Firmware.elf.dir/Core/Src/main.c.obj
 .debug_ranges  0x0000000000000050       0x40 CMakeFiles/Firmware.elf.dir/Core/Src/stm32f4xx_hal_msp.c.obj
 .debug_ranges  0x0000000000000090       0x58 CMakeFiles/Firmware.elf.dir/Core/Src/stm32f4xx_it.c.obj
 .debug_ranges  0x00000000000000e8       0xa0 CMakeFiles/Firmware.elf.dir/Core/Src/syscalls.c.obj
 .debug_ranges  0x0000000000000188       0x18 CMakeFiles/Firmware.elf.dir/Core/Src/system_stm32f4xx.c.obj
 .debug_ranges  0x00000000000001a0       0x20 CMakeFiles/Firmware.elf.dir/Core/User/Config/DEV_Config.c.obj
 .debug_ranges  0x00000000000001c0       0xa0 CMakeFiles/Firmware.elf.dir/Core/User/GUI/GUI_Paint.c.obj
 .debug_ranges  0x0000000000000260       0x80 CMakeFiles/Firmware.elf.dir/Core/User/e-Paper/EPD_4in2.c.obj
 .debug_ranges  0x00000000000002e0       0xe0 CMakeFiles/Firmware.elf.dir/Drivers/STM32F4xx_HAL_Driver/Src/stm32f4xx_hal.c.obj
 .debug_ranges  0x00000000000003c0      0x108 CMakeFiles/Firmware.elf.dir/Drivers/STM32F4xx_HAL_Driver/Src/stm32f4xx_hal_cortex.c.obj
 .debug_ranges  0x00000000000004c8       0x48 CMakeFiles/Firmware.elf.dir/Drivers/STM32F4xx_HAL_Driver/Src/stm32f4xx_hal_gpio.c.obj
 .debug_ranges  0x0000000000000510       0x78 CMakeFiles/Firmware.elf.dir/Drivers/STM32F4xx_HAL_Driver/Src/stm32f4xx_hal_rcc.c.obj
 .debug_ranges  0x0000000000000588      0x1c0 CMakeFiles/Firmware.elf.dir/Drivers/STM32F4xx_HAL_Driver/Src/stm32f4xx_hal_spi.c.obj
 .debug_ranges  0x0000000000000748      0x398 CMakeFiles/Firmware.elf.dir/Drivers/STM32F4xx_HAL_Driver/Src/stm32f4xx_hal_tim.c.obj
 .debug_ranges  0x0000000000000ae0      0x140 CMakeFiles/Firmware.elf.dir/Drivers/STM32F4xx_HAL_Driver/Src/stm32f4xx_hal_tim_ex.c.obj
 .debug_ranges  0x0000000000000c20      0x1c0 CMakeFiles/Firmware.elf.dir/Drivers/STM32F4xx_HAL_Driver/Src/stm32f4xx_hal_uart.c.obj
 .debug_ranges  0x0000000000000de0       0x20 CMakeFiles/Firmware.elf.dir/startup/startup_stm32f401xe.s.obj

.debug_line     0x0000000000000000     0xb0ca
 .debug_line    0x0000000000000000      0x7b1 CMakeFiles/Firmware.elf.dir/Core/Src/main.c.obj
 .debug_line    0x00000000000007b1      0x409 CMakeFiles/Firmware.elf.dir/Core/Src/stm32f4xx_hal_msp.c.obj
 .debug_line    0x0000000000000bba      0x399 CMakeFiles/Firmware.elf.dir/Core/Src/stm32f4xx_it.c.obj
 .debug_line    0x0000000000000f53      0x494 CMakeFiles/Firmware.elf.dir/Core/Src/syscalls.c.obj
 .debug_line    0x00000000000013e7      0x320 CMakeFiles/Firmware.elf.dir/Core/Src/system_stm32f4xx.c.obj
 .debug_line    0x0000000000001707      0x31f CMakeFiles/Firmware.elf.dir/Core/User/Config/DEV_Config.c.obj
 .debug_line    0x0000000000001a26     0x1003 CMakeFiles/Firmware.elf.dir/Core/User/GUI/GUI_Paint.c.obj
 .debug_line    0x0000000000002a29      0x994 CMakeFiles/Firmware.elf.dir/Core/User/e-Paper/EPD_4in2.c.obj
 .debug_line    0x00000000000033bd      0x5a9 CMakeFiles/Firmware.elf.dir/Drivers/STM32F4xx_HAL_Driver/Src/stm32f4xx_hal.c.obj
 .debug_line    0x0000000000003966      0x86a CMakeFiles/Firmware.elf.dir/Drivers/STM32F4xx_HAL_Driver/Src/stm32f4xx_hal_cortex.c.obj
 .debug_line    0x00000000000041d0      0x70d CMakeFiles/Firmware.elf.dir/Drivers/STM32F4xx_HAL_Driver/Src/stm32f4xx_hal_gpio.c.obj
 .debug_line    0x00000000000048dd      0x957 CMakeFiles/Firmware.elf.dir/Drivers/STM32F4xx_HAL_Driver/Src/stm32f4xx_hal_rcc.c.obj
 .debug_line    0x0000000000005234     0x1814 CMakeFiles/Firmware.elf.dir/Drivers/STM32F4xx_HAL_Driver/Src/stm32f4xx_hal_spi.c.obj
 .debug_line    0x0000000000006a48     0x2409 CMakeFiles/Firmware.elf.dir/Drivers/STM32F4xx_HAL_Driver/Src/stm32f4xx_hal_tim.c.obj
 .debug_line    0x0000000000008e51      0xdd8 CMakeFiles/Firmware.elf.dir/Drivers/STM32F4xx_HAL_Driver/Src/stm32f4xx_hal_tim_ex.c.obj
 .debug_line    0x0000000000009c29     0x13f0 CMakeFiles/Firmware.elf.dir/Drivers/STM32F4xx_HAL_Driver/Src/stm32f4xx_hal_uart.c.obj
 .debug_line    0x000000000000b019       0xb1 CMakeFiles/Firmware.elf.dir/startup/startup_stm32f401xe.s.obj

.debug_str      0x0000000000000000     0x4e3e
 .debug_str     0x0000000000000000     0x1547 CMakeFiles/Firmware.elf.dir/Core/Src/main.c.obj
                                       0x16b0 (size before relaxing)
 .debug_str     0x0000000000001547      0x47b CMakeFiles/Firmware.elf.dir/Core/Src/stm32f4xx_hal_msp.c.obj
                                       0x1006 (size before relaxing)
 .debug_str     0x00000000000019c2       0xf1 CMakeFiles/Firmware.elf.dir/Core/Src/stm32f4xx_it.c.obj
                                        0x7b7 (size before relaxing)
 .debug_str     0x0000000000001ab3      0x253 CMakeFiles/Firmware.elf.dir/Core/Src/syscalls.c.obj
                                        0x8b9 (size before relaxing)
 .debug_str     0x0000000000001d06       0xe2 CMakeFiles/Firmware.elf.dir/Core/Src/system_stm32f4xx.c.obj
                                        0x491 (size before relaxing)
 .debug_str     0x0000000000001de8       0x86 CMakeFiles/Firmware.elf.dir/Core/User/Config/DEV_Config.c.obj
                                        0x7bd (size before relaxing)
 .debug_str     0x0000000000001e6e      0x43a CMakeFiles/Firmware.elf.dir/Core/User/GUI/GUI_Paint.c.obj
                                        0xc9b (size before relaxing)
 .debug_str     0x00000000000022a8      0x2dc CMakeFiles/Firmware.elf.dir/Core/User/e-Paper/EPD_4in2.c.obj
                                        0x609 (size before relaxing)
 .debug_str     0x0000000000002584      0x2e1 CMakeFiles/Firmware.elf.dir/Drivers/STM32F4xx_HAL_Driver/Src/stm32f4xx_hal.c.obj
                                        0xa7c (size before relaxing)
 .debug_str     0x0000000000002865      0x4cc CMakeFiles/Firmware.elf.dir/Drivers/STM32F4xx_HAL_Driver/Src/stm32f4xx_hal_cortex.c.obj
                                        0xbee (size before relaxing)
 .debug_str     0x0000000000002d31      0x18b CMakeFiles/Firmware.elf.dir/Drivers/STM32F4xx_HAL_Driver/Src/stm32f4xx_hal_gpio.c.obj
                                        0x628 (size before relaxing)
 .debug_str     0x0000000000002ebc      0x1ec CMakeFiles/Firmware.elf.dir/Drivers/STM32F4xx_HAL_Driver/Src/stm32f4xx_hal_rcc.c.obj
                                        0x7df (size before relaxing)
 .debug_str     0x00000000000030a8      0x554 CMakeFiles/Firmware.elf.dir/Drivers/STM32F4xx_HAL_Driver/Src/stm32f4xx_hal_spi.c.obj
                                        0xcc3 (size before relaxing)
 .debug_str     0x00000000000035fc      0xd4a CMakeFiles/Firmware.elf.dir/Drivers/STM32F4xx_HAL_Driver/Src/stm32f4xx_hal_tim.c.obj
                                       0x15a0 (size before relaxing)
 .debug_str     0x0000000000004346      0x562 CMakeFiles/Firmware.elf.dir/Drivers/STM32F4xx_HAL_Driver/Src/stm32f4xx_hal_tim_ex.c.obj
                                        0xda0 (size before relaxing)
 .debug_str     0x00000000000048a8      0x534 CMakeFiles/Firmware.elf.dir/Drivers/STM32F4xx_HAL_Driver/Src/stm32f4xx_hal_uart.c.obj
                                        0xce0 (size before relaxing)
 .debug_str     0x0000000000004ddc       0x62 CMakeFiles/Firmware.elf.dir/startup/startup_stm32f401xe.s.obj
                                         0xaa (size before relaxing)

.comment        0x0000000000000000       0x79
 .comment       0x0000000000000000       0x79 CMakeFiles/Firmware.elf.dir/Core/Src/main.c.obj
                                         0x7a (size before relaxing)
 .comment       0x0000000000000079       0x7a CMakeFiles/Firmware.elf.dir/Core/Src/stm32f4xx_hal_msp.c.obj
 .comment       0x0000000000000079       0x7a CMakeFiles/Firmware.elf.dir/Core/Src/stm32f4xx_it.c.obj
 .comment       0x0000000000000079       0x7a CMakeFiles/Firmware.elf.dir/Core/Src/syscalls.c.obj
 .comment       0x0000000000000079       0x7a CMakeFiles/Firmware.elf.dir/Core/Src/system_stm32f4xx.c.obj
 .comment       0x0000000000000079       0x7a CMakeFiles/Firmware.elf.dir/Core/User/Config/DEV_Config.c.obj
 .comment       0x0000000000000079       0x7a CMakeFiles/Firmware.elf.dir/Core/User/GUI/GUI_Paint.c.obj
 .comment       0x0000000000000079       0x7a CMakeFiles/Firmware.elf.dir/Core/User/e-Paper/EPD_4in2.c.obj
 .comment       0x0000000000000079       0x7a CMakeFiles/Firmware.elf.dir/Drivers/STM32F4xx_HAL_Driver/Src/stm32f4xx_hal.c.obj
 .comment       0x0000000000000079       0x7a CMakeFiles/Firmware.elf.dir/Drivers/STM32F4xx_HAL_Driver/Src/stm32f4xx_hal_cortex.c.obj
 .comment       0x0000000000000079       0x7a CMakeFiles/Firmware.elf.dir/Drivers/STM32F4xx_HAL_Driver/Src/stm32f4xx_hal_gpio.c.obj
 .comment       0x0000000000000079       0x7a CMakeFiles/Firmware.elf.dir/Drivers/STM32F4xx_HAL_Driver/Src/stm32f4xx_hal_rcc.c.obj
 .comment       0x0000000000000079       0x7a CMakeFiles/Firmware.elf.dir/Drivers/STM32F4xx_HAL_Driver/Src/stm32f4xx_hal_spi.c.obj
 .comment       0x0000000000000079       0x7a CMakeFiles/Firmware.elf.dir/Drivers/STM32F4xx_HAL_Driver/Src/stm32f4xx_hal_tim.c.obj
 .comment       0x0000000000000079       0x7a CMakeFiles/Firmware.elf.dir/Drivers/STM32F4xx_HAL_Driver/Src/stm32f4xx_hal_tim_ex.c.obj
 .comment       0x0000000000000079       0x7a CMakeFiles/Firmware.elf.dir/Drivers/STM32F4xx_HAL_Driver/Src/stm32f4xx_hal_uart.c.obj

.debug_frame    0x0000000000000000     0x4734
 .debug_frame   0x0000000000000000      0x140 CMakeFiles/Firmware.elf.dir/Core/Src/main.c.obj
 .debug_frame   0x0000000000000140      0x10c CMakeFiles/Firmware.elf.dir/Core/Src/stm32f4xx_hal_msp.c.obj
 .debug_frame   0x000000000000024c      0x128 CMakeFiles/Firmware.elf.dir/Core/Src/stm32f4xx_it.c.obj
 .debug_frame   0x0000000000000374      0x2d0 CMakeFiles/Firmware.elf.dir/Core/Src/syscalls.c.obj
 .debug_frame   0x0000000000000644       0x58 CMakeFiles/Firmware.elf.dir/Core/Src/system_stm32f4xx.c.obj
 .debug_frame   0x000000000000069c       0x6c CMakeFiles/Firmware.elf.dir/Core/User/Config/DEV_Config.c.obj
 .debug_frame   0x0000000000000708      0x2fc CMakeFiles/Firmware.elf.dir/Core/User/GUI/GUI_Paint.c.obj
 .debug_frame   0x0000000000000a04      0x200 CMakeFiles/Firmware.elf.dir/Core/User/e-Paper/EPD_4in2.c.obj
 .debug_frame   0x0000000000000c04      0x374 CMakeFiles/Firmware.elf.dir/Drivers/STM32F4xx_HAL_Driver/Src/stm32f4xx_hal.c.obj
 .debug_frame   0x0000000000000f78      0x498 CMakeFiles/Firmware.elf.dir/Drivers/STM32F4xx_HAL_Driver/Src/stm32f4xx_hal_cortex.c.obj
 .debug_frame   0x0000000000001410      0x14c CMakeFiles/Firmware.elf.dir/Drivers/STM32F4xx_HAL_Driver/Src/stm32f4xx_hal_gpio.c.obj
 .debug_frame   0x000000000000155c      0x1f0 CMakeFiles/Firmware.elf.dir/Drivers/STM32F4xx_HAL_Driver/Src/stm32f4xx_hal_rcc.c.obj
 .debug_frame   0x000000000000174c      0x824 CMakeFiles/Firmware.elf.dir/Drivers/STM32F4xx_HAL_Driver/Src/stm32f4xx_hal_spi.c.obj
 .debug_frame   0x0000000000001f70     0x10e8 CMakeFiles/Firmware.elf.dir/Drivers/STM32F4xx_HAL_Driver/Src/stm32f4xx_hal_tim.c.obj
 .debug_frame   0x0000000000003058      0x5c0 CMakeFiles/Firmware.elf.dir/Drivers/STM32F4xx_HAL_Driver/Src/stm32f4xx_hal_tim_ex.c.obj
 .debug_frame   0x0000000000003618      0x844 CMakeFiles/Firmware.elf.dir/Drivers/STM32F4xx_HAL_Driver/Src/stm32f4xx_hal_uart.c.obj
 .debug_frame   0x0000000000003e5c       0x2c /usr/local/opt/gcc-arm-none-eabi-9-2019-q4-major/bin/../lib/gcc/arm-none-eabi/9.2.1/thumb/v7e-m/nofp/libgcc.a(_aeabi_uldivmod.o)
 .debug_frame   0x0000000000003e88       0x34 /usr/local/opt/gcc-arm-none-eabi-9-2019-q4-major/bin/../lib/gcc/arm-none-eabi/9.2.1/thumb/v7e-m/nofp/libgcc.a(_udivmoddi4.o)
 .debug_frame   0x0000000000003ebc       0x20 /usr/local/opt/gcc-arm-none-eabi-9-2019-q4-major/bin/../lib/gcc/arm-none-eabi/9.2.1/../../../../arm-none-eabi/lib/thumb/v7e-m/nofp/libg_nano.a(lib_a-errno.o)
 .debug_frame   0x0000000000003edc       0x2c /usr/local/opt/gcc-arm-none-eabi-9-2019-q4-major/bin/../lib/gcc/arm-none-eabi/9.2.1/../../../../arm-none-eabi/lib/thumb/v7e-m/nofp/libg_nano.a(lib_a-init.o)
 .debug_frame   0x0000000000003f08       0x30 /usr/local/opt/gcc-arm-none-eabi-9-2019-q4-major/bin/../lib/gcc/arm-none-eabi/9.2.1/../../../../arm-none-eabi/lib/thumb/v7e-m/nofp/libg_nano.a(lib_a-malloc.o)
 .debug_frame   0x0000000000003f38       0x20 /usr/local/opt/gcc-arm-none-eabi-9-2019-q4-major/bin/../lib/gcc/arm-none-eabi/9.2.1/../../../../arm-none-eabi/lib/thumb/v7e-m/nofp/libg_nano.a(lib_a-memset.o)
 .debug_frame   0x0000000000003f58       0x38 /usr/local/opt/gcc-arm-none-eabi-9-2019-q4-major/bin/../lib/gcc/arm-none-eabi/9.2.1/../../../../arm-none-eabi/lib/thumb/v7e-m/nofp/libg_nano.a(lib_a-nano-freer.o)
 .debug_frame   0x0000000000003f90       0x30 /usr/local/opt/gcc-arm-none-eabi-9-2019-q4-major/bin/../lib/gcc/arm-none-eabi/9.2.1/../../../../arm-none-eabi/lib/thumb/v7e-m/nofp/libg_nano.a(lib_a-nano-mallocr.o)
 .debug_frame   0x0000000000003fc0       0x74 /usr/local/opt/gcc-arm-none-eabi-9-2019-q4-major/bin/../lib/gcc/arm-none-eabi/9.2.1/../../../../arm-none-eabi/lib/thumb/v7e-m/nofp/libg_nano.a(lib_a-printf.o)
 .debug_frame   0x0000000000004034       0x3c /usr/local/opt/gcc-arm-none-eabi-9-2019-q4-major/bin/../lib/gcc/arm-none-eabi/9.2.1/../../../../arm-none-eabi/lib/thumb/v7e-m/nofp/libg_nano.a(lib_a-puts.o)
 .debug_frame   0x0000000000004070       0x2c /usr/local/opt/gcc-arm-none-eabi-9-2019-q4-major/bin/../lib/gcc/arm-none-eabi/9.2.1/../../../../arm-none-eabi/lib/thumb/v7e-m/nofp/libg_nano.a(lib_a-sbrkr.o)
 .debug_frame   0x000000000000409c       0x40 /usr/local/opt/gcc-arm-none-eabi-9-2019-q4-major/bin/../lib/gcc/arm-none-eabi/9.2.1/../../../../arm-none-eabi/lib/thumb/v7e-m/nofp/libg_nano.a(lib_a-wbuf.o)
 .debug_frame   0x00000000000040dc       0x2c /usr/local/opt/gcc-arm-none-eabi-9-2019-q4-major/bin/../lib/gcc/arm-none-eabi/9.2.1/../../../../arm-none-eabi/lib/thumb/v7e-m/nofp/libg_nano.a(lib_a-wsetup.o)
 .debug_frame   0x0000000000004108       0x5c /usr/local/opt/gcc-arm-none-eabi-9-2019-q4-major/bin/../lib/gcc/arm-none-eabi/9.2.1/../../../../arm-none-eabi/lib/thumb/v7e-m/nofp/libg_nano.a(lib_a-fflush.o)
 .debug_frame   0x0000000000004164      0x14c /usr/local/opt/gcc-arm-none-eabi-9-2019-q4-major/bin/../lib/gcc/arm-none-eabi/9.2.1/../../../../arm-none-eabi/lib/thumb/v7e-m/nofp/libg_nano.a(lib_a-findfp.o)
 .debug_frame   0x00000000000042b0       0x54 /usr/local/opt/gcc-arm-none-eabi-9-2019-q4-major/bin/../lib/gcc/arm-none-eabi/9.2.1/../../../../arm-none-eabi/lib/thumb/v7e-m/nofp/libg_nano.a(lib_a-fwalk.o)
 .debug_frame   0x0000000000004304       0xb0 /usr/local/opt/gcc-arm-none-eabi-9-2019-q4-major/bin/../lib/gcc/arm-none-eabi/9.2.1/../../../../arm-none-eabi/lib/thumb/v7e-m/nofp/libg_nano.a(lib_a-lock.o)
 .debug_frame   0x00000000000043b4       0x58 /usr/local/opt/gcc-arm-none-eabi-9-2019-q4-major/bin/../lib/gcc/arm-none-eabi/9.2.1/../../../../arm-none-eabi/lib/thumb/v7e-m/nofp/libg_nano.a(lib_a-makebuf.o)
 .debug_frame   0x000000000000440c       0x30 /usr/local/opt/gcc-arm-none-eabi-9-2019-q4-major/bin/../lib/gcc/arm-none-eabi/9.2.1/../../../../arm-none-eabi/lib/thumb/v7e-m/nofp/libg_nano.a(lib_a-mlock.o)
 .debug_frame   0x000000000000443c       0xac /usr/local/opt/gcc-arm-none-eabi-9-2019-q4-major/bin/../lib/gcc/arm-none-eabi/9.2.1/../../../../arm-none-eabi/lib/thumb/v7e-m/nofp/libg_nano.a(lib_a-nano-vfprintf.o)
 .debug_frame   0x00000000000044e8       0x60 /usr/local/opt/gcc-arm-none-eabi-9-2019-q4-major/bin/../lib/gcc/arm-none-eabi/9.2.1/../../../../arm-none-eabi/lib/thumb/v7e-m/nofp/libg_nano.a(lib_a-nano-vfprintf_i.o)
 .debug_frame   0x0000000000004548       0x5c /usr/local/opt/gcc-arm-none-eabi-9-2019-q4-major/bin/../lib/gcc/arm-none-eabi/9.2.1/../../../../arm-none-eabi/lib/thumb/v7e-m/nofp/libg_nano.a(lib_a-reent.o)
 .debug_frame   0x00000000000045a4       0x88 /usr/local/opt/gcc-arm-none-eabi-9-2019-q4-major/bin/../lib/gcc/arm-none-eabi/9.2.1/../../../../arm-none-eabi/lib/thumb/v7e-m/nofp/libg_nano.a(lib_a-stdio.o)
 .debug_frame   0x000000000000462c       0x2c /usr/local/opt/gcc-arm-none-eabi-9-2019-q4-major/bin/../lib/gcc/arm-none-eabi/9.2.1/../../../../arm-none-eabi/lib/thumb/v7e-m/nofp/libg_nano.a(lib_a-writer.o)
 .debug_frame   0x0000000000004658       0x2c /usr/local/opt/gcc-arm-none-eabi-9-2019-q4-major/bin/../lib/gcc/arm-none-eabi/9.2.1/../../../../arm-none-eabi/lib/thumb/v7e-m/nofp/libg_nano.a(lib_a-closer.o)
 .debug_frame   0x0000000000004684       0x2c /usr/local/opt/gcc-arm-none-eabi-9-2019-q4-major/bin/../lib/gcc/arm-none-eabi/9.2.1/../../../../arm-none-eabi/lib/thumb/v7e-m/nofp/libg_nano.a(lib_a-fstatr.o)
 .debug_frame   0x00000000000046b0       0x2c /usr/local/opt/gcc-arm-none-eabi-9-2019-q4-major/bin/../lib/gcc/arm-none-eabi/9.2.1/../../../../arm-none-eabi/lib/thumb/v7e-m/nofp/libg_nano.a(lib_a-isattyr.o)
 .debug_frame   0x00000000000046dc       0x2c /usr/local/opt/gcc-arm-none-eabi-9-2019-q4-major/bin/../lib/gcc/arm-none-eabi/9.2.1/../../../../arm-none-eabi/lib/thumb/v7e-m/nofp/libg_nano.a(lib_a-lseekr.o)
 .debug_frame   0x0000000000004708       0x2c /usr/local/opt/gcc-arm-none-eabi-9-2019-q4-major/bin/../lib/gcc/arm-none-eabi/9.2.1/../../../../arm-none-eabi/lib/thumb/v7e-m/nofp/libg_nano.a(lib_a-readr.o)
